Archive member included to satisfy reference by file (symbol)

d:/embedded prog/imt_sdk_win_64/winarm/armgcc/bin/../lib/gcc/arm-none-eabi/7.2.1/thumb/v7e-m/fpv4-sp/softfp\libgcc.a(_aeabi_uldivmod.o)
                              ./system/src/stm32f4-hal/stm32f4xx_hal_rcc.o (__aeabi_uldivmod)
d:/embedded prog/imt_sdk_win_64/winarm/armgcc/bin/../lib/gcc/arm-none-eabi/7.2.1/thumb/v7e-m/fpv4-sp/softfp\libgcc.a(_udivmoddi4.o)
                              d:/embedded prog/imt_sdk_win_64/winarm/armgcc/bin/../lib/gcc/arm-none-eabi/7.2.1/thumb/v7e-m/fpv4-sp/softfp\libgcc.a(_aeabi_uldivmod.o) (__udivmoddi4)
d:/embedded prog/imt_sdk_win_64/winarm/armgcc/bin/../lib/gcc/arm-none-eabi/7.2.1/thumb/v7e-m/fpv4-sp/softfp\libgcc.a(_dvmd_tls.o)
                              d:/embedded prog/imt_sdk_win_64/winarm/armgcc/bin/../lib/gcc/arm-none-eabi/7.2.1/thumb/v7e-m/fpv4-sp/softfp\libgcc.a(_aeabi_uldivmod.o) (__aeabi_ldiv0)
d:/embedded prog/imt_sdk_win_64/winarm/armgcc/bin/../lib/gcc/arm-none-eabi/7.2.1/../../../../arm-none-eabi/lib/thumb/v7e-m/fpv4-sp/softfp\libg_nano.a(lib_a-errno.o)
                              ./system/src/newlib/sbrk.o (__errno)
d:/embedded prog/imt_sdk_win_64/winarm/armgcc/bin/../lib/gcc/arm-none-eabi/7.2.1/../../../../arm-none-eabi/lib/thumb/v7e-m/fpv4-sp/softfp\libg_nano.a(lib_a-findfp.o)
                              ./system/src/newlib/syscalls.o (__sinit)
d:/embedded prog/imt_sdk_win_64/winarm/armgcc/bin/../lib/gcc/arm-none-eabi/7.2.1/../../../../arm-none-eabi/lib/thumb/v7e-m/fpv4-sp/softfp\libg_nano.a(lib_a-fwalk.o)
                              d:/embedded prog/imt_sdk_win_64/winarm/armgcc/bin/../lib/gcc/arm-none-eabi/7.2.1/../../../../arm-none-eabi/lib/thumb/v7e-m/fpv4-sp/softfp\libg_nano.a(lib_a-findfp.o) (_fwalk)
d:/embedded prog/imt_sdk_win_64/winarm/armgcc/bin/../lib/gcc/arm-none-eabi/7.2.1/../../../../arm-none-eabi/lib/thumb/v7e-m/fpv4-sp/softfp\libg_nano.a(lib_a-impure.o)
                              d:/embedded prog/imt_sdk_win_64/winarm/armgcc/bin/../lib/gcc/arm-none-eabi/7.2.1/../../../../arm-none-eabi/lib/thumb/v7e-m/fpv4-sp/softfp\libg_nano.a(lib_a-findfp.o) (_global_impure_ptr)
d:/embedded prog/imt_sdk_win_64/winarm/armgcc/bin/../lib/gcc/arm-none-eabi/7.2.1/../../../../arm-none-eabi/lib/thumb/v7e-m/fpv4-sp/softfp\libg_nano.a(lib_a-locale.o)
                              ./system/src/newlib/syscalls.o (__locale_ctype_ptr)
d:/embedded prog/imt_sdk_win_64/winarm/armgcc/bin/../lib/gcc/arm-none-eabi/7.2.1/../../../../arm-none-eabi/lib/thumb/v7e-m/fpv4-sp/softfp\libg_nano.a(lib_a-mbtowc_r.o)
                              d:/embedded prog/imt_sdk_win_64/winarm/armgcc/bin/../lib/gcc/arm-none-eabi/7.2.1/../../../../arm-none-eabi/lib/thumb/v7e-m/fpv4-sp/softfp\libg_nano.a(lib_a-locale.o) (__ascii_mbtowc)
d:/embedded prog/imt_sdk_win_64/winarm/armgcc/bin/../lib/gcc/arm-none-eabi/7.2.1/../../../../arm-none-eabi/lib/thumb/v7e-m/fpv4-sp/softfp\libg_nano.a(lib_a-memcpy-stub.o)
                              ./FreeRTOS Source/queue.o (memcpy)
d:/embedded prog/imt_sdk_win_64/winarm/armgcc/bin/../lib/gcc/arm-none-eabi/7.2.1/../../../../arm-none-eabi/lib/thumb/v7e-m/fpv4-sp/softfp\libg_nano.a(lib_a-memset.o)
                              ./system/src/newlib/syscalls.o (memset)
d:/embedded prog/imt_sdk_win_64/winarm/armgcc/bin/../lib/gcc/arm-none-eabi/7.2.1/../../../../arm-none-eabi/lib/thumb/v7e-m/fpv4-sp/softfp\libg_nano.a(lib_a-nano-mallocr.o)
                              d:/embedded prog/imt_sdk_win_64/winarm/armgcc/bin/../lib/gcc/arm-none-eabi/7.2.1/../../../../arm-none-eabi/lib/thumb/v7e-m/fpv4-sp/softfp\libg_nano.a(lib_a-findfp.o) (_malloc_r)
d:/embedded prog/imt_sdk_win_64/winarm/armgcc/bin/../lib/gcc/arm-none-eabi/7.2.1/../../../../arm-none-eabi/lib/thumb/v7e-m/fpv4-sp/softfp\libg_nano.a(lib_a-printf.o)
                              ./src/main.o (printf)
d:/embedded prog/imt_sdk_win_64/winarm/armgcc/bin/../lib/gcc/arm-none-eabi/7.2.1/../../../../arm-none-eabi/lib/thumb/v7e-m/fpv4-sp/softfp\libg_nano.a(lib_a-puts.o)
                              ./src/main.o (puts)
d:/embedded prog/imt_sdk_win_64/winarm/armgcc/bin/../lib/gcc/arm-none-eabi/7.2.1/../../../../arm-none-eabi/lib/thumb/v7e-m/fpv4-sp/softfp\libg_nano.a(lib_a-rand.o)
                              ./src/main.o (rand)
d:/embedded prog/imt_sdk_win_64/winarm/armgcc/bin/../lib/gcc/arm-none-eabi/7.2.1/../../../../arm-none-eabi/lib/thumb/v7e-m/fpv4-sp/softfp\libg_nano.a(lib_a-sbrkr.o)
                              d:/embedded prog/imt_sdk_win_64/winarm/armgcc/bin/../lib/gcc/arm-none-eabi/7.2.1/../../../../arm-none-eabi/lib/thumb/v7e-m/fpv4-sp/softfp\libg_nano.a(lib_a-nano-mallocr.o) (_sbrk_r)
d:/embedded prog/imt_sdk_win_64/winarm/armgcc/bin/../lib/gcc/arm-none-eabi/7.2.1/../../../../arm-none-eabi/lib/thumb/v7e-m/fpv4-sp/softfp\libg_nano.a(lib_a-snprintf.o)
                              ./src/main.o (snprintf)
[...]
Memory Configuration

Name             Origin             Length             Attributes
RAM              0x20000000         0x00020000         xrw
CCMRAM           0x10000000         0x00010000         xrw
FLASH            0x08000000         0x00100000         xr
FLASHB1          0x00000000         0x00000000         xr
EXTMEMB0         0x00000000         0x00000000         xr
EXTMEMB1         0x00000000         0x00000000         xr
EXTMEMB2         0x00000000         0x00000000         xr
EXTMEMB3         0x00000000         0x00000000         xr
MEMORY_ARRAY     0x20002000         0x00000020         xrw
*default*        0x00000000         0xffffffff

Linker script and memory map

LOAD ./system/src/stm32f4-hal/stm32f4xx_hal.o
LOAD ./system/src/stm32f4-hal/stm32f4xx_hal_cortex.o
LOAD ./system/src/stm32f4-hal/stm32f4xx_hal_flash.o
LOAD ./system/src/stm32f4-hal/stm32f4xx_hal_flash_ex.o
LOAD ./system/src/stm32f4-hal/stm32f4xx_hal_flash_ramfunc.o
LOAD ./system/src/stm32f4-hal/stm32f4xx_hal_gpio.o
LOAD ./system/src/stm32f4-hal/stm32f4xx_hal_iwdg.o
LOAD ./system/src/stm32f4-hal/stm32f4xx_hal_pwr.o
LOAD ./system/src/stm32f4-hal/stm32f4xx_hal_rcc.o
LOAD ./system/src/newlib/assert.o
LOAD ./system/src/newlib/cxx.o
LOAD ./system/src/newlib/exit.o
LOAD ./system/src/newlib/sbrk.o
LOAD ./system/src/newlib/startup.o
LOAD ./system/src/newlib/syscalls.o
LOAD ./system/src/diag/trace-impl.o
LOAD ./system/src/diag/trace.o
LOAD ./system/src/cortexm/exception-handlers.o
LOAD ./system/src/cortexm/initialize-hardware.o
LOAD ./system/src/cortexm/reset-hardware.o
LOAD ./system/src/cmsis/system_stm32f4xx.o
LOAD ./system/src/cmsis/vectors_stm32f407xx.o
LOAD ./src/initialize-hardware.o
LOAD ./src/led.o
LOAD ./src/main.o
LOAD ./src/stm32f4xx_hal_msp.o
LOAD ./src/write.o
LOAD ./FreeRTOS Source/portable/MemMang/heap_4.o
LOAD ./FreeRTOS Source/portable/GCC/ARM_CM4F/port.o
LOAD ./FreeRTOS Source/croutine.o
LOAD ./FreeRTOS Source/event_groups.o
LOAD ./FreeRTOS Source/list.o
LOAD ./FreeRTOS Source/queue.o
LOAD ./FreeRTOS Source/tasks.o
LOAD ./FreeRTOS Source/timers.o
LOAD d:/embedded prog/imt_sdk_win_64/winarm/armgcc/bin/../lib/gcc/arm-none-eabi/7.2.1/../../../../arm-none-eabi/lib/thumb/v7e-m/fpv4-sp/softfp\libstdc++_nano.a
LOAD d:/embedded prog/imt_sdk_win_64/winarm/armgcc/bin/../lib/gcc/arm-none-eabi/7.2.1/../../../../arm-none-eabi/lib/thumb/v7e-m/fpv4-sp/softfp\libm.a
START GROUP
LOAD d:/embedded prog/imt_sdk_win_64/winarm/armgcc/bin/../lib/gcc/arm-none-eabi/7.2.1/thumb/v7e-m/fpv4-sp/softfp\libgcc.a
LOAD d:/embedded prog/imt_sdk_win_64/winarm/armgcc/bin/../lib/gcc/arm-none-eabi/7.2.1/../../../../arm-none-eabi/lib/thumb/v7e-m/fpv4-sp/softfp\libg_nano.a
LOAD d:/embedded prog/imt_sdk_win_64/winarm/armgcc/bin/../lib/gcc/arm-none-eabi/7.2.1/../../../../arm-none-eabi/lib/thumb/v7e-m/fpv4-sp/softfp\libc_nano.a
END GROUP
START GROUP
LOAD d:/embedded prog/imt_sdk_win_64/winarm/armgcc/bin/../lib/gcc/arm-none-eabi/7.2.1/thumb/v7e-m/fpv4-sp/softfp\libgcc.a
LOAD d:/embedded prog/imt_sdk_win_64/winarm/armgcc/bin/../lib/gcc/arm-none-eabi/7.2.1/../../../../arm-none-eabi/lib/thumb/v7e-m/fpv4-sp/softfp\libc_nano.a
END GROUP
                0x20020000                __stack = (ORIGIN (RAM) + LENGTH (RAM))
                0x20020000                _estack = __stack
                0x00000400                __Main_Stack_Size = 0x400
                [!provide]                PROVIDE (_Main_Stack_Size, __Main_Stack_Size)
                0x2001fc00                __Main_Stack_Limit = (__stack - __Main_Stack_Size)
                [!provide]                PROVIDE (_Main_Stack_Limit, __Main_Stack_Limit)
                0x00000100                _Minimum_Stack_Size = 0x100
                0x200131bc                PROVIDE (_Heap_Begin, _end_noinit)
                0x2001fc00                PROVIDE (_Heap_Limit, (__stack - __Main_Stack_Size))

.isr_vector     0x08000000      0x3e8
 FILL mask 0xff
                0x08000000                __vectors_start = ABSOLUTE (.)
                0x08000000                __vectors_start__ = ABSOLUTE (.)
 *(.isr_vector)
 .isr_vector    0x08000000      0x188 ./system/src/cmsis/vectors_stm32f407xx.o
                0x08000000                __isr_vectors
 *(.cfmconfig)
 *(.after_vectors .after_vectors.*)
 .after_vectors
                0x08000188      0x130 ./system/src/newlib/startup.o
                0x08000188                _start
 .after_vectors
                0x080002b8      0x12c ./system/src/cortexm/exception-handlers.o
                0x080002b8                Reset_Handler
                0x080002be                NMI_Handler
                0x080002c2                HardFault_Handler
                0x080002d6                HardFault_Handler_C
                0x08000334                MemManage_Handler
                0x08000338                BusFault_Handler
                0x0800034c                BusFault_Handler_C
                0x08000380                UsageFault_Handler
                0x08000394                UsageFault_Handler_C
                0x080003cc                DebugMon_Handler
 .after_vectors
                0x080003e4        0x4 ./system/src/cmsis/vectors_stm32f407xx.o
                0x080003e4                RTC_Alarm_IRQHandler
                0x080003e4                HASH_RNG_IRQHandler
                0x080003e4                EXTI2_IRQHandler
                0x080003e4                TIM8_CC_IRQHandler
                0x080003e4                TIM1_CC_IRQHandler
                0x080003e4                DMA2_Stream5_IRQHandler
                0x080003e4                DMA1_Stream5_IRQHandler
                0x080003e4                PVD_IRQHandler
                0x080003e4                SDIO_IRQHandler
                0x080003e4                TAMP_STAMP_IRQHandler
                0x080003e4                CAN2_RX1_IRQHandler
                0x080003e4                EXTI3_IRQHandler
                0x080003e4                TIM8_TRG_COM_TIM14_IRQHandler
                0x080003e4                TIM1_UP_TIM10_IRQHandler
                0x080003e4                TIM8_UP_TIM13_IRQHandler
                0x080003e4                I2C3_ER_IRQHandler
                0x080003e4                EXTI0_IRQHandler
                0x080003e4                I2C2_EV_IRQHandler
                0x080003e4                DMA1_Stream2_IRQHandler
                0x080003e4                CAN1_RX0_IRQHandler
                0x080003e4                FPU_IRQHandler
                0x080003e4                OTG_HS_WKUP_IRQHandler
                0x080003e4                CAN2_SCE_IRQHandler
                0x080003e4                DMA2_Stream2_IRQHandler
                0x080003e4                SPI1_IRQHandler
                0x080003e4                TIM6_DAC_IRQHandler
                0x080003e4                TIM1_BRK_TIM9_IRQHandler
                0x080003e4                DCMI_IRQHandler
                0x080003e4                CAN2_RX0_IRQHandler
                0x080003e4                DMA2_Stream3_IRQHandler
                0x080003e4                USART6_IRQHandler
                0x080003e4                USART3_IRQHandler
                0x080003e4                CAN1_RX1_IRQHandler
                0x080003e4                UART5_IRQHandler
                0x080003e4                DMA2_Stream0_IRQHandler
                0x080003e4                TIM4_IRQHandler
                0x080003e4                I2C1_EV_IRQHandler
                0x080003e4                DMA1_Stream6_IRQHandler
                0x080003e4                DMA1_Stream1_IRQHandler
                0x080003e4                UART4_IRQHandler
                0x080003e4                TIM3_IRQHandler
                0x080003e4                RCC_IRQHandler
                0x080003e4                TIM8_BRK_TIM12_IRQHandler
                0x080003e4                Default_Handler
                0x080003e4                EXTI15_10_IRQHandler
                0x080003e4                ADC_IRQHandler
                0x080003e4                DMA1_Stream7_IRQHandler
                0x080003e4                TIM7_IRQHandler
                0x080003e4                CAN2_TX_IRQHandler
                0x080003e4                TIM5_IRQHandler
                0x080003e4                DMA2_Stream7_IRQHandler
                0x080003e4                I2C3_EV_IRQHandler
                0x080003e4                EXTI9_5_IRQHandler
                0x080003e4                RTC_WKUP_IRQHandler
                0x080003e4                ETH_WKUP_IRQHandler
                0x080003e4                SPI2_IRQHandler
                0x080003e4                OTG_HS_EP1_IN_IRQHandler
                0x080003e4                DMA1_Stream0_IRQHandler
                0x080003e4                CAN1_TX_IRQHandler
                0x080003e4                EXTI4_IRQHandler
                0x080003e4                ETH_IRQHandler
                0x080003e4                OTG_HS_EP1_OUT_IRQHandler
                0x080003e4                WWDG_IRQHandler
                0x080003e4                TIM2_IRQHandler
                0x080003e4                OTG_FS_WKUP_IRQHandler
                0x080003e4                TIM1_TRG_COM_TIM11_IRQHandler
                0x080003e4                OTG_HS_IRQHandler
                0x080003e4                EXTI1_IRQHandler
                0x080003e4                USART2_IRQHandler
                0x080003e4                I2C2_ER_IRQHandler
                0x080003e4                DMA2_Stream1_IRQHandler
                0x080003e4                CAN1_SCE_IRQHandler
                0x080003e4                FLASH_IRQHandler
                0x080003e4                DMA2_Stream4_IRQHandler
                0x080003e4                USART1_IRQHandler
                0x080003e4                OTG_FS_IRQHandler
                0x080003e4                SPI3_IRQHandler
                0x080003e4                DMA1_Stream4_IRQHandler
                0x080003e4                I2C1_ER_IRQHandler
                0x080003e4                FMC_IRQHandler
                0x080003e4                DMA2_Stream6_IRQHandler
                0x080003e4                DMA1_Stream3_IRQHandler

.inits          0x080003e8       0x28
                0x080003e8                __data_regions_array_start = .
                0x080003e8        0x4 LONG 0x8005398 LOADADDR (.data)
                0x080003ec        0x4 LONG 0x20000000 ADDR (.data)
                0x080003f0        0x4 LONG 0x20000218 (ADDR (.data) + SIZEOF (.data))
                0x080003f4        0x4 LONG 0x8005398 LOADADDR (.data_CCMRAM)
                0x080003f8        0x4 LONG 0x10000000 ADDR (.data_CCMRAM)
                0x080003fc        0x4 LONG 0x10000000 (ADDR (.data_CCMRAM) + SIZEOF (.data_CCMRAM))
                0x08000400                __data_regions_array_end = .
                0x08000400                __bss_regions_array_start = .
                0x08000400        0x4 LONG 0x20000218 ADDR (.bss)
                0x08000404        0x4 LONG 0x200131bc (ADDR (.bss) + SIZEOF (.bss))
                0x08000408        0x4 LONG 0x10000000 ADDR (.bss_CCMRAM)
                0x0800040c        0x4 LONG 0x10000000 (ADDR (.bss_CCMRAM) + SIZEOF (.bss_CCMRAM))
                0x08000410                __bss_regions_array_end = .
 *(.init)
 *(.fini)
                0x08000410                . = ALIGN (0x4)
                0x08000410                PROVIDE (__preinit_array_start, .)
 *(.preinit_array_sysinit .preinit_array_sysinit.*)
 *(.preinit_array_platform .preinit_array_platform.*)
 *(.preinit_array .preinit_array.*)
                0x08000410                PROVIDE (__preinit_array_end, .)
                0x08000410                . = ALIGN (0x4)
                0x08000410                PROVIDE (__init_array_start, .)
 *(SORT_BY_NAME(.init_array.*))
 *(.init_array)
                0x08000410                PROVIDE (__init_array_end, .)
                0x08000410                . = ALIGN (0x4)
                0x08000410                PROVIDE (__fini_array_start, .)
 *(SORT_BY_NAME(.fini_array.*))
 *(.fini_array)
                0x08000410                PROVIDE (__fini_array_end, .)

.flashtext
 *(.flashtext .flashtext.*)

.text           0x08000410     0x4f7e
 *(.text .text.*)
 .text.HAL_InitTick
                0x08000410       0x4c ./system/src/stm32f4-hal/stm32f4xx_hal.o
                0x08000410                HAL_InitTick
 .text.HAL_Init
                0x0800045c       0x34 ./system/src/stm32f4-hal/stm32f4xx_hal.o
                0x0800045c                HAL_Init
 .text.HAL_GetTick
                0x08000490        0xc ./system/src/stm32f4-hal/stm32f4xx_hal.o
                0x08000490                HAL_GetTick
 .text.HAL_NVIC_SetPriorityGrouping
                0x0800049c       0x3c ./system/src/stm32f4-hal/stm32f4xx_hal_cortex.o
                0x0800049c                HAL_NVIC_SetPriorityGrouping
 .text.HAL_NVIC_SetPriority
                0x080004d8       0x8c ./system/src/stm32f4-hal/stm32f4xx_hal_cortex.o
                0x080004d8                HAL_NVIC_SetPriority
 .text.HAL_SYSTICK_Config
                0x08000564       0x2c ./system/src/stm32f4-hal/stm32f4xx_hal_cortex.o
                0x08000564                HAL_SYSTICK_Config
 .text.HAL_SYSTICK_CLKSourceConfig
                0x08000590       0x3c ./system/src/stm32f4-hal/stm32f4xx_hal_cortex.o
                0x08000590                HAL_SYSTICK_CLKSourceConfig
 .text.HAL_RCC_OscConfig
                0x080005cc      0x4f4 ./system/src/stm32f4-hal/stm32f4xx_hal_rcc.o
                0x080005cc                HAL_RCC_OscConfig
 .text.HAL_RCC_GetSysClockFreq
                0x08000ac0       0xd8 ./system/src/stm32f4-hal/stm32f4xx_hal_rcc.o
                0x08000ac0                HAL_RCC_GetSysClockFreq
 .text.HAL_RCC_ClockConfig
                0x08000b98      0x21c ./system/src/stm32f4-hal/stm32f4xx_hal_rcc.o
                0x08000b98                HAL_RCC_ClockConfig
 .text.HAL_RCC_GetHCLKFreq
                0x08000db4        0xc ./system/src/stm32f4-hal/stm32f4xx_hal_rcc.o
                0x08000db4                HAL_RCC_GetHCLKFreq
 .text._sbrk    0x08000dc0       0x44 ./system/src/newlib/sbrk.o
                0x08000dc0                _sbrk
 .text.get_errno
                0x08000e04       0x12 ./system/src/newlib/syscalls.o
 .text.error    0x08000e16       0x14 ./system/src/newlib/syscalls.o
 .text.checkerror
                0x08000e2a       0x10 ./system/src/newlib/syscalls.o
 *fill*         0x08000e3a        0x2 
 .text.findslot
                0x08000e3c       0x3c ./system/src/newlib/syscalls.o
 .text._exit    0x08000e78       0x20 ./system/src/newlib/syscalls.o
                0x08000e78                _exit
 .text.initialise_monitor_handles
                0x08000e98       0xa8 ./system/src/newlib/syscalls.o
                0x08000e98                initialise_monitor_handles
 .text.__initialize_args
                0x08000f40       0xd0 ./system/src/newlib/syscalls.o
                0x08000f40                __initialize_args
 .text._swiread
                0x08001010       0x20 ./system/src/newlib/syscalls.o
                0x08001010                _swiread
 .text._read    0x08001030       0x36 ./system/src/newlib/syscalls.o
                0x08001030                _read
 .text._swilseek
                0x08001066       0xb6 ./system/src/newlib/syscalls.o
                0x08001066                _swilseek
 .text._lseek   0x0800111c        0x8 ./system/src/newlib/syscalls.o
                0x0800111c                _lseek
 .text._swiwrite
                0x08001124       0x20 ./system/src/newlib/syscalls.o
                0x08001124                _swiwrite
 .text._write   0x08001144       0x46 ./system/src/newlib/syscalls.o
                0x08001144                _write
 .text._swiclose
                0x0800118a       0x1e ./system/src/newlib/syscalls.o
                0x0800118a                _swiclose
 .text._close   0x080011a8       0x4c ./system/src/newlib/syscalls.o
                0x080011a8                _close
 .text._swistat
                0x080011f4       0x44 ./system/src/newlib/syscalls.o
                0x080011f4                _swistat
 .text._fstat   0x08001238       0x1a ./system/src/newlib/syscalls.o
                0x08001238                _fstat
 .text._isatty  0x08001252       0x36 ./system/src/newlib/syscalls.o
                0x08001252                _isatty
 .text._trace_write_semihosting_debug
                0x08001288       0x60 ./system/src/diag/trace-impl.o
 .text.trace_write
                0x080012e8        0x8 ./system/src/diag/trace-impl.o
                0x080012e8                trace_write
 .text.trace_printf
                0x080012f0       0x30 ./system/src/diag/trace.o
                0x080012f0                trace_printf
 .text.dumpExceptionStack
                0x08001320       0xf4 ./system/src/cortexm/exception-handlers.o
                0x08001320                dumpExceptionStack
 .text.isSemihosting
                0x08001414      0x100 ./system/src/cortexm/exception-handlers.o
                0x08001414                isSemihosting
 .text.__initialize_hardware_early
                0x08001514       0x18 ./system/src/cortexm/initialize-hardware.o
                0x08001514                __initialize_hardware_early
 .text.SystemInit
                0x0800152c       0x10 ./system/src/cmsis/system_stm32f4xx.o
                0x0800152c                SystemInit
 .text.SystemCoreClockUpdate
                0x0800153c       0xa0 ./system/src/cmsis/system_stm32f4xx.o
                0x0800153c                SystemCoreClockUpdate
 .text.SystemClock_Config
                0x080015dc       0xa0 ./src/initialize-hardware.o
                0x080015dc                SystemClock_Config
 .text.__initialize_hardware
                0x0800167c       0x10 ./src/initialize-hardware.o
                0x0800167c                __initialize_hardware
 .text.assert_failed
                0x0800168c       0x14 ./src/initialize-hardware.o
                0x0800168c                assert_failed
 .text.senderTask
                0x080016a0       0xdc ./src/main.o
                0x080016a0                senderTask
 .text.senderTimerCallback
                0x0800177c       0x4c ./src/main.o
                0x0800177c                senderTimerCallback
 .text.main     0x080017c8      0x194 ./src/main.o
                0x080017c8                main
 .text.resetSystem
                0x0800195c      0x188 ./src/main.o
                0x0800195c                resetSystem
 .text.receiverTask
                0x08001ae4       0x60 ./src/main.o
                0x08001ae4                receiverTask
 .text.receiverTimerCallback
                0x08001b44       0x2c ./src/main.o
                0x08001b44                receiverTimerCallback
 .text.vApplicationMallocFailedHook
                0x08001b70        0x2 ./src/main.o
                0x08001b70                vApplicationMallocFailedHook
 .text.vApplicationStackOverflowHook
                0x08001b72        0x2 ./src/main.o
                0x08001b72                vApplicationStackOverflowHook
 .text.vApplicationIdleHook
                0x08001b74       0x12 ./src/main.o
                0x08001b74                vApplicationIdleHook
 .text.vApplicationTickHook
                0x08001b86        0x2 ./src/main.o
                0x08001b86                vApplicationTickHook
 .text.HAL_MspInit
                0x08001b88        0x2 ./src/stm32f4xx_hal_msp.o
                0x08001b88                HAL_MspInit
 *fill*         0x08001b8a        0x2 
 .text.prvHeapInit
                0x08001b8c       0x64 ./FreeRTOS Source/portable/MemMang/heap_4.o
 .text.prvInsertBlockIntoFreeList
                0x08001bf0       0x58 ./FreeRTOS Source/portable/MemMang/heap_4.o
 .text.pvPortMalloc
                0x08001c48      0x11c ./FreeRTOS Source/portable/MemMang/heap_4.o
                0x08001c48                pvPortMalloc
 .text.vPortFree
                0x08001d64       0x70 ./FreeRTOS Source/portable/MemMang/heap_4.o
                0x08001d64                vPortFree
 .text.xPortGetFreeHeapSize
                0x08001dd4        0xc ./FreeRTOS Source/portable/MemMang/heap_4.o
                0x08001dd4                xPortGetFreeHeapSize
 .text.prvTaskExitError
                0x08001de0       0x34 ./FreeRTOS Source/portable/GCC/ARM_CM4F/port.o
 .text.prvPortStartFirstTask
                0x08001e14       0x20 ./FreeRTOS Source/portable/GCC/ARM_CM4F/port.o
 .text.pxPortInitialiseStack
                0x08001e34       0x2c ./FreeRTOS Source/portable/GCC/ARM_CM4F/port.o
                0x08001e34                pxPortInitialiseStack
 .text.SVC_Handler
                0x08001e60       0x24 ./FreeRTOS Source/portable/GCC/ARM_CM4F/port.o
                0x08001e60                SVC_Handler
 .text.vPortEndScheduler
                0x08001e84       0x24 ./FreeRTOS Source/portable/GCC/ARM_CM4F/port.o
                0x08001e84                vPortEndScheduler
 .text.vPortEnterCritical
                0x08001ea8       0x44 ./FreeRTOS Source/portable/GCC/ARM_CM4F/port.o
                0x08001ea8                vPortEnterCritical
 .text.vPortExitCritical
                0x08001eec       0x2c ./FreeRTOS Source/portable/GCC/ARM_CM4F/port.o
                0x08001eec                vPortExitCritical
 *fill*         0x08001f18        0x8 
 .text.PendSV_Handler
                0x08001f20       0x64 ./FreeRTOS Source/portable/GCC/ARM_CM4F/port.o
                0x08001f20                PendSV_Handler
 .text.SysTick_Handler
                0x08001f84       0x2c ./FreeRTOS Source/portable/GCC/ARM_CM4F/port.o
                0x08001f84                SysTick_Handler
 .text.vPortSetupTimerInterrupt
                0x08001fb0       0x2c ./FreeRTOS Source/portable/GCC/ARM_CM4F/port.o
                0x08001fb0                vPortSetupTimerInterrupt
 .text.xPortStartScheduler
                0x08001fdc       0xe8 ./FreeRTOS Source/portable/GCC/ARM_CM4F/port.o
                0x08001fdc                xPortStartScheduler
 .text.vPortValidateInterruptPriority
                0x080020c4       0x5c ./FreeRTOS Source/portable/GCC/ARM_CM4F/port.o
                0x080020c4                vPortValidateInterruptPriority
 .text.vListInitialise
                0x08002120       0x16 ./FreeRTOS Source/list.o
                0x08002120                vListInitialise
 .text.vListInitialiseItem
                0x08002136        0x6 ./FreeRTOS Source/list.o
                0x08002136                vListInitialiseItem
 .text.vListInsertEnd
                0x0800213c       0x18 ./FreeRTOS Source/list.o
                0x0800213c                vListInsertEnd
 .text.vListInsert
                0x08002154       0x34 ./FreeRTOS Source/list.o
                0x08002154                vListInsert
 .text.uxListRemove
                0x08002188       0x26 ./FreeRTOS Source/list.o
                0x08002188                uxListRemove
 .text.prvIsQueueFull
                0x080021ae       0x1e ./FreeRTOS Source/queue.o
 .text.prvIsQueueEmpty
                0x080021cc       0x1a ./FreeRTOS Source/queue.o
 .text.prvCopyDataToQueue
                0x080021e6       0x76 ./FreeRTOS Source/queue.o
 .text.prvCopyDataFromQueue
                0x0800225c       0x24 ./FreeRTOS Source/queue.o
 .text.prvUnlockQueue
                0x08002280       0x6e ./FreeRTOS Source/queue.o
 *fill*         0x080022ee        0x2 
 .text.xQueueGenericReset
                0x080022f0       0x84 ./FreeRTOS Source/queue.o
                0x080022f0                xQueueGenericReset
 .text.prvInitialiseNewQueue
                0x08002374       0x22 ./FreeRTOS Source/queue.o
 .text.xQueueGenericCreate
                0x08002396       0x48 ./FreeRTOS Source/queue.o
                0x08002396                xQueueGenericCreate
 *fill*         0x080023de        0x2 
 .text.xQueueGenericSend
                0x080023e0      0x17c ./FreeRTOS Source/queue.o
                0x080023e0                xQueueGenericSend
 .text.xQueueGenericSendFromISR
                0x0800255c       0xcc ./FreeRTOS Source/queue.o
                0x0800255c                xQueueGenericSendFromISR
 .text.xQueueGenericReceive
                0x08002628      0x1a4 ./FreeRTOS Source/queue.o
                0x08002628                xQueueGenericReceive
 .text.vQueueAddToRegistry
                0x080027cc       0x28 ./FreeRTOS Source/queue.o
                0x080027cc                vQueueAddToRegistry
 .text.vQueueWaitForMessageRestricted
                0x080027f4       0x52 ./FreeRTOS Source/queue.o
                0x080027f4                vQueueWaitForMessageRestricted
 *fill*         0x08002846        0x2 
 .text.prvResetNextTaskUnblockTime
                0x08002848       0x2c ./FreeRTOS Source/tasks.o
 .text.prvDeleteTCB
                0x08002874       0x12 ./FreeRTOS Source/tasks.o
 .text.prvInitialiseNewTask
                0x08002886       0x90 ./FreeRTOS Source/tasks.o
 *fill*         0x08002916        0x2 
 .text.prvInitialiseTaskLists
                0x08002918       0x68 ./FreeRTOS Source/tasks.o
 .text.prvAddNewTaskToReadyList
                0x08002980       0xac ./FreeRTOS Source/tasks.o
 .text.prvAddCurrentTaskToDelayedList
                0x08002a2c       0x98 ./FreeRTOS Source/tasks.o
 .text.xTaskCreate
                0x08002ac4       0x62 ./FreeRTOS Source/tasks.o
                0x08002ac4                xTaskCreate
 *fill*         0x08002b26        0x2 
 .text.vTaskStartScheduler
                0x08002b28       0x84 ./FreeRTOS Source/tasks.o
                0x08002b28                vTaskStartScheduler
 .text.vTaskEndScheduler
                0x08002bac       0x24 ./FreeRTOS Source/tasks.o
                0x08002bac                vTaskEndScheduler
 .text.vTaskSuspendAll
                0x08002bd0       0x10 ./FreeRTOS Source/tasks.o
                0x08002bd0                vTaskSuspendAll
 .text.xTaskGetTickCount
                0x08002be0        0xc ./FreeRTOS Source/tasks.o
                0x08002be0                xTaskGetTickCount
 .text.xTaskIncrementTick
                0x08002bec      0x124 ./FreeRTOS Source/tasks.o
                0x08002bec                xTaskIncrementTick
 .text.xTaskResumeAll
                0x08002d10       0xf4 ./FreeRTOS Source/tasks.o
                0x08002d10                xTaskResumeAll
 .text.vTaskDelay
                0x08002e04       0x4c ./FreeRTOS Source/tasks.o
                0x08002e04                vTaskDelay
 .text.prvCheckTasksWaitingTermination
                0x08002e50       0x5c ./FreeRTOS Source/tasks.o
 .text.prvIdleTask
                0x08002eac       0x30 ./FreeRTOS Source/tasks.o
 .text.vTaskSwitchContext
                0x08002edc       0xc8 ./FreeRTOS Source/tasks.o
                0x08002edc                vTaskSwitchContext
 .text.vTaskPlaceOnEventList
                0x08002fa4       0x30 ./FreeRTOS Source/tasks.o
                0x08002fa4                vTaskPlaceOnEventList
 .text.vTaskPlaceOnEventListRestricted
                0x08002fd4       0x38 ./FreeRTOS Source/tasks.o
                0x08002fd4                vTaskPlaceOnEventListRestricted
 .text.xTaskRemoveFromEventList
                0x0800300c       0x8c ./FreeRTOS Source/tasks.o
                0x0800300c                xTaskRemoveFromEventList
 .text.vTaskSetTimeOutState
                0x08003098       0x2c ./FreeRTOS Source/tasks.o
                0x08003098                vTaskSetTimeOutState
 .text.xTaskCheckForTimeOut
                0x080030c4       0x80 ./FreeRTOS Source/tasks.o
                0x080030c4                xTaskCheckForTimeOut
 .text.vTaskMissedYield
                0x08003144        0xc ./FreeRTOS Source/tasks.o
                0x08003144                vTaskMissedYield
 .text.xTaskGetSchedulerState
                0x08003150       0x20 ./FreeRTOS Source/tasks.o
                0x08003150                xTaskGetSchedulerState
 .text.vTaskPriorityInherit
                0x08003170       0xa0 ./FreeRTOS Source/tasks.o
                0x08003170                vTaskPriorityInherit
 .text.xTaskPriorityDisinherit
                0x08003210       0xb0 ./FreeRTOS Source/tasks.o
                0x08003210                xTaskPriorityDisinherit
 .text.pvTaskIncrementMutexHeldCount
                0x080032c0       0x1c ./FreeRTOS Source/tasks.o
                0x080032c0                pvTaskIncrementMutexHeldCount
 .text.prvGetNextExpireTime
                0x080032dc       0x20 ./FreeRTOS Source/timers.o
 .text.prvInsertTimerInActiveList
                0x080032fc       0x48 ./FreeRTOS Source/timers.o
 .text.prvCheckForValidListAndQueue
                0x08003344       0x5c ./FreeRTOS Source/timers.o
 .text.prvInitialiseNewTimer
                0x080033a0       0x40 ./FreeRTOS Source/timers.o
 .text.xTimerCreateTimerTask
                0x080033e0       0x50 ./FreeRTOS Source/timers.o
                0x080033e0                xTimerCreateTimerTask
 .text.xTimerCreate
                0x08003430       0x32 ./FreeRTOS Source/timers.o
                0x08003430                xTimerCreate
 *fill*         0x08003462        0x2 
 .text.xTimerGenericCommand
                0x08003464       0x6c ./FreeRTOS Source/timers.o
                0x08003464                xTimerGenericCommand
 .text.prvSwitchTimerLists
                0x080034d0       0x78 ./FreeRTOS Source/timers.o
 .text.prvSampleTimeNow
                0x08003548       0x2c ./FreeRTOS Source/timers.o
 .text.prvProcessExpiredTimer
                0x08003574       0x60 ./FreeRTOS Source/timers.o
 .text.prvProcessTimerOrBlockTask
                0x080035d4       0x74 ./FreeRTOS Source/timers.o
 .text.prvProcessReceivedCommands
                0x08003648       0xe4 ./FreeRTOS Source/timers.o
 .text.prvTimerTask
                0x0800372c       0x16 ./FreeRTOS Source/timers.o
 .text.pvTimerGetTimerID
                0x08003742       0x26 ./FreeRTOS Source/timers.o
                0x08003742                pvTimerGetTimerID
 .text          0x08003768       0x30 d:/embedded prog/imt_sdk_win_64/winarm/armgcc/bin/../lib/gcc/arm-none-eabi/7.2.1/thumb/v7e-m/fpv4-sp/softfp\libgcc.a(_aeabi_uldivmod.o)
                0x08003768                __aeabi_uldivmod
 .text          0x08003798      0x2cc d:/embedded prog/imt_sdk_win_64/winarm/armgcc/bin/../lib/gcc/arm-none-eabi/7.2.1/thumb/v7e-m/fpv4-sp/softfp\libgcc.a(_udivmoddi4.o)
                0x08003798                __udivmoddi4
 .text          0x08003a64        0x4 d:/embedded prog/imt_sdk_win_64/winarm/armgcc/bin/../lib/gcc/arm-none-eabi/7.2.1/thumb/v7e-m/fpv4-sp/softfp\libgcc.a(_dvmd_tls.o)
                0x08003a64                __aeabi_idiv0
                0x08003a64                __aeabi_ldiv0
 .text.__errno  0x08003a68        0xc d:/embedded prog/imt_sdk_win_64/winarm/armgcc/bin/../lib/gcc/arm-none-eabi/7.2.1/../../../../arm-none-eabi/lib/thumb/v7e-m/fpv4-sp/softfp\libg_nano.a(lib_a-errno.o)
                0x08003a68                __errno
 .text.std      0x08003a74       0x48 d:/embedded prog/imt_sdk_win_64/winarm/armgcc/bin/../lib/gcc/arm-none-eabi/7.2.1/../../../../arm-none-eabi/lib/thumb/v7e-m/fpv4-sp/softfp\libg_nano.a(lib_a-findfp.o)
 .text._cleanup_r
                0x08003abc        0xc d:/embedded prog/imt_sdk_win_64/winarm/armgcc/bin/../lib/gcc/arm-none-eabi/7.2.1/../../../../arm-none-eabi/lib/thumb/v7e-m/fpv4-sp/softfp\libg_nano.a(lib_a-findfp.o)
                0x08003abc                _cleanup_r
 .text.__sfmoreglue
                0x08003ac8       0x2c d:/embedded prog/imt_sdk_win_64/winarm/armgcc/bin/../lib/gcc/arm-none-eabi/7.2.1/../../../../arm-none-eabi/lib/thumb/v7e-m/fpv4-sp/softfp\libg_nano.a(lib_a-findfp.o)
                0x08003ac8                __sfmoreglue
 .text.__sinit  0x08003af4       0x60 d:/embedded prog/imt_sdk_win_64/winarm/armgcc/bin/../lib/gcc/arm-none-eabi/7.2.1/../../../../arm-none-eabi/lib/thumb/v7e-m/fpv4-sp/softfp\libg_nano.a(lib_a-findfp.o)
                0x08003af4                __sinit
 .text.__sfp    0x08003b54       0x78 d:/embedded prog/imt_sdk_win_64/winarm/armgcc/bin/../lib/gcc/arm-none-eabi/7.2.1/../../../../arm-none-eabi/lib/thumb/v7e-m/fpv4-sp/softfp\libg_nano.a(lib_a-findfp.o)
                0x08003b54                __sfp
 .text._fwalk_reent
                0x08003bcc       0x3c d:/embedded prog/imt_sdk_win_64/winarm/armgcc/bin/../lib/gcc/arm-none-eabi/7.2.1/../../../../arm-none-eabi/lib/thumb/v7e-m/fpv4-sp/softfp\libg_nano.a(lib_a-fwalk.o)
                0x08003bcc                _fwalk_reent
 .text.__locale_ctype_ptr
                0x08003c08       0x1c d:/embedded prog/imt_sdk_win_64/winarm/armgcc/bin/../lib/gcc/arm-none-eabi/7.2.1/../../../../arm-none-eabi/lib/thumb/v7e-m/fpv4-sp/softfp\libg_nano.a(lib_a-locale.o)
                0x08003c08                __locale_ctype_ptr
 .text.__ascii_mbtowc
                0x08003c24       0x24 d:/embedded prog/imt_sdk_win_64/winarm/armgcc/bin/../lib/gcc/arm-none-eabi/7.2.1/../../../../arm-none-eabi/lib/thumb/v7e-m/fpv4-sp/softfp\libg_nano.a(lib_a-mbtowc_r.o)
                0x08003c24                __ascii_mbtowc
 .text.memcpy   0x08003c48       0x16 d:/embedded prog/imt_sdk_win_64/winarm/armgcc/bin/../lib/gcc/arm-none-eabi/7.2.1/../../../../arm-none-eabi/lib/thumb/v7e-m/fpv4-sp/softfp\libg_nano.a(lib_a-memcpy-stub.o)
                0x08003c48                memcpy
 .text.memset   0x08003c5e       0x10 d:/embedded prog/imt_sdk_win_64/winarm/armgcc/bin/../lib/gcc/arm-none-eabi/7.2.1/../../../../arm-none-eabi/lib/thumb/v7e-m/fpv4-sp/softfp\libg_nano.a(lib_a-memset.o)
                0x08003c5e                memset
 *fill*         0x08003c6e        0x2 
 .text._malloc_r
                0x08003c70       0xb4 d:/embedded prog/imt_sdk_win_64/winarm/armgcc/bin/../lib/gcc/arm-none-eabi/7.2.1/../../../../arm-none-eabi/lib/thumb/v7e-m/fpv4-sp/softfp\libg_nano.a(lib_a-nano-mallocr.o)
                0x08003c70                _malloc_r
 .text.printf   0x08003d24       0x30 d:/embedded prog/imt_sdk_win_64/winarm/armgcc/bin/../lib/gcc/arm-none-eabi/7.2.1/../../../../arm-none-eabi/lib/thumb/v7e-m/fpv4-sp/softfp\libg_nano.a(lib_a-printf.o)
                0x08003d24                iprintf
                0x08003d24                printf
 .text._puts_r  0x08003d54       0xb8 d:/embedded prog/imt_sdk_win_64/winarm/armgcc/bin/../lib/gcc/arm-none-eabi/7.2.1/../../../../arm-none-eabi/lib/thumb/v7e-m/fpv4-sp/softfp\libg_nano.a(lib_a-puts.o)
                0x08003d54                _puts_r
 .text.puts     0x08003e0c       0x10 d:/embedded prog/imt_sdk_win_64/winarm/armgcc/bin/../lib/gcc/arm-none-eabi/7.2.1/../../../../arm-none-eabi/lib/thumb/v7e-m/fpv4-sp/softfp\libg_nano.a(lib_a-puts.o)
                0x08003e0c                puts
 .text.rand     0x08003e1c       0x68 d:/embedded prog/imt_sdk_win_64/winarm/armgcc/bin/../lib/gcc/arm-none-eabi/7.2.1/../../../../arm-none-eabi/lib/thumb/v7e-m/fpv4-sp/softfp\libg_nano.a(lib_a-rand.o)
                0x08003e1c                rand
 .text._sbrk_r  0x08003e84       0x20 d:/embedded prog/imt_sdk_win_64/winarm/armgcc/bin/../lib/gcc/arm-none-eabi/7.2.1/../../../../arm-none-eabi/lib/thumb/v7e-m/fpv4-sp/softfp\libg_nano.a(lib_a-sbrkr.o)
                0x08003e84                _sbrk_r
 .text.snprintf
                0x08003ea4       0x68 d:/embedded prog/imt_sdk_win_64/winarm/armgcc/bin/../lib/gcc/arm-none-eabi/7.2.1/../../../../arm-none-eabi/lib/thumb/v7e-m/fpv4-sp/softfp\libg_nano.a(lib_a-snprintf.o)
                0x08003ea4                sniprintf
                0x08003ea4                snprintf
 .text.__sread  0x08003f0c       0x22 d:/embedded prog/imt_sdk_win_64/winarm/armgcc/bin/../lib/gcc/arm-none-eabi/7.2.1/../../../../arm-none-eabi/lib/thumb/v7e-m/fpv4-sp/softfp\libg_nano.a(lib_a-stdio.o)
                0x08003f0c                __sread
 .text.__swrite
                0x08003f2e       0x38 d:/embedded prog/imt_sdk_win_64/winarm/armgcc/bin/../lib/gcc/arm-none-eabi/7.2.1/../../../../arm-none-eabi/lib/thumb/v7e-m/fpv4-sp/softfp\libg_nano.a(lib_a-stdio.o)
                0x08003f2e                __swrite
 .text.__sseek  0x08003f66       0x24 d:/embedded prog/imt_sdk_win_64/winarm/armgcc/bin/../lib/gcc/arm-none-eabi/7.2.1/../../../../arm-none-eabi/lib/thumb/v7e-m/fpv4-sp/softfp\libg_nano.a(lib_a-stdio.o)
                0x08003f66                __sseek
 .text.__sclose
                0x08003f8a        0x8 d:/embedded prog/imt_sdk_win_64/winarm/armgcc/bin/../lib/gcc/arm-none-eabi/7.2.1/../../../../arm-none-eabi/lib/thumb/v7e-m/fpv4-sp/softfp\libg_nano.a(lib_a-stdio.o)
                0x08003f8a                __sclose
 .text          0x08003f92       0x14 d:/embedded prog/imt_sdk_win_64/winarm/armgcc/bin/../lib/gcc/arm-none-eabi/7.2.1/../../../../arm-none-eabi/lib/thumb/v7e-m/fpv4-sp/softfp\libg_nano.a(lib_a-strcmp.o)
                0x08003f92                strcmp
 .text._vsnprintf_r
                0x08003fa6       0x58 d:/embedded prog/imt_sdk_win_64/winarm/armgcc/bin/../lib/gcc/arm-none-eabi/7.2.1/../../../../arm-none-eabi/lib/thumb/v7e-m/fpv4-sp/softfp\libg_nano.a(lib_a-vsnprintf.o)
                0x08003fa6                _vsniprintf_r
                0x08003fa6                _vsnprintf_r
 *fill*         0x08003ffe        0x2 
 .text.vsnprintf
                0x08004000       0x1c d:/embedded prog/imt_sdk_win_64/winarm/armgcc/bin/../lib/gcc/arm-none-eabi/7.2.1/../../../../arm-none-eabi/lib/thumb/v7e-m/fpv4-sp/softfp\libg_nano.a(lib_a-vsnprintf.o)
                0x08004000                vsniprintf
                0x08004000                vsnprintf
 .text.__swbuf_r
                0x0800401c       0xa4 d:/embedded prog/imt_sdk_win_64/winarm/armgcc/bin/../lib/gcc/arm-none-eabi/7.2.1/../../../../arm-none-eabi/lib/thumb/v7e-m/fpv4-sp/softfp\libg_nano.a(lib_a-wbuf.o)
                0x0800401c                __swbuf_r
 .text.__ascii_wctomb
                0x080040c0       0x1a d:/embedded prog/imt_sdk_win_64/winarm/armgcc/bin/../lib/gcc/arm-none-eabi/7.2.1/../../../../arm-none-eabi/lib/thumb/v7e-m/fpv4-sp/softfp\libg_nano.a(lib_a-wctomb_r.o)
                0x080040c0                __ascii_wctomb
 *fill*         0x080040da        0x2 
 .text._write_r
                0x080040dc       0x24 d:/embedded prog/imt_sdk_win_64/winarm/armgcc/bin/../lib/gcc/arm-none-eabi/7.2.1/../../../../arm-none-eabi/lib/thumb/v7e-m/fpv4-sp/softfp\libg_nano.a(lib_a-writer.o)
                0x080040dc                _write_r
 .text.__swsetup_r
                0x08004100       0xdc d:/embedded prog/imt_sdk_win_64/winarm/armgcc/bin/../lib/gcc/arm-none-eabi/7.2.1/../../../../arm-none-eabi/lib/thumb/v7e-m/fpv4-sp/softfp\libg_nano.a(lib_a-wsetup.o)
                0x08004100                __swsetup_r
 .text._close_r
                0x080041dc       0x20 d:/embedded prog/imt_sdk_win_64/winarm/armgcc/bin/../lib/gcc/arm-none-eabi/7.2.1/../../../../arm-none-eabi/lib/thumb/v7e-m/fpv4-sp/softfp\libg_nano.a(lib_a-closer.o)
                0x080041dc                _close_r
 .text.__sflush_r
                0x080041fc      0x10c d:/embedded prog/imt_sdk_win_64/winarm/armgcc/bin/../lib/gcc/arm-none-eabi/7.2.1/../../../../arm-none-eabi/lib/thumb/v7e-m/fpv4-sp/softfp\libg_nano.a(lib_a-fflush.o)
                0x080041fc                __sflush_r
 .text._fflush_r
                0x08004308       0x54 d:/embedded prog/imt_sdk_win_64/winarm/armgcc/bin/../lib/gcc/arm-none-eabi/7.2.1/../../../../arm-none-eabi/lib/thumb/v7e-m/fpv4-sp/softfp\libg_nano.a(lib_a-fflush.o)
                0x08004308                _fflush_r
 .text._lseek_r
                0x0800435c       0x24 d:/embedded prog/imt_sdk_win_64/winarm/armgcc/bin/../lib/gcc/arm-none-eabi/7.2.1/../../../../arm-none-eabi/lib/thumb/v7e-m/fpv4-sp/softfp\libg_nano.a(lib_a-lseekr.o)
                0x0800435c                _lseek_r
 .text.__swhatbuf_r
                0x08004380       0x48 d:/embedded prog/imt_sdk_win_64/winarm/armgcc/bin/../lib/gcc/arm-none-eabi/7.2.1/../../../../arm-none-eabi/lib/thumb/v7e-m/fpv4-sp/softfp\libg_nano.a(lib_a-makebuf.o)
                0x08004380                __swhatbuf_r
 .text.__smakebuf_r
                0x080043c8       0x80 d:/embedded prog/imt_sdk_win_64/winarm/armgcc/bin/../lib/gcc/arm-none-eabi/7.2.1/../../../../arm-none-eabi/lib/thumb/v7e-m/fpv4-sp/softfp\libg_nano.a(lib_a-makebuf.o)
                0x080043c8                __smakebuf_r
 .text.malloc   0x08004448       0x10 d:/embedded prog/imt_sdk_win_64/winarm/armgcc/bin/../lib/gcc/arm-none-eabi/7.2.1/../../../../arm-none-eabi/lib/thumb/v7e-m/fpv4-sp/softfp\libg_nano.a(lib_a-malloc.o)
                0x08004448                malloc
 .text.__malloc_lock
                0x08004458        0x2 d:/embedded prog/imt_sdk_win_64/winarm/armgcc/bin/../lib/gcc/arm-none-eabi/7.2.1/../../../../arm-none-eabi/lib/thumb/v7e-m/fpv4-sp/softfp\libg_nano.a(lib_a-mlock.o)
                0x08004458                __malloc_lock
 .text.__malloc_unlock
                0x0800445a        0x2 d:/embedded prog/imt_sdk_win_64/winarm/armgcc/bin/../lib/gcc/arm-none-eabi/7.2.1/../../../../arm-none-eabi/lib/thumb/v7e-m/fpv4-sp/softfp\libg_nano.a(lib_a-mlock.o)
                0x0800445a                __malloc_unlock
 .text._free_r  0x0800445c       0x9c d:/embedded prog/imt_sdk_win_64/winarm/armgcc/bin/../lib/gcc/arm-none-eabi/7.2.1/../../../../arm-none-eabi/lib/thumb/v7e-m/fpv4-sp/softfp\libg_nano.a(lib_a-nano-freer.o)
                0x0800445c                _free_r
 .text.__ssputs_r
                0x080044f8       0xb4 d:/embedded prog/imt_sdk_win_64/winarm/armgcc/bin/../lib/gcc/arm-none-eabi/7.2.1/../../../../arm-none-eabi/lib/thumb/v7e-m/fpv4-sp/softfp\libg_nano.a(lib_a-nano-svfprintf.o)
                0x080044f8                __ssputs_r
 .text._svfprintf_r
                0x080045ac      0x1ec d:/embedded prog/imt_sdk_win_64/winarm/armgcc/bin/../lib/gcc/arm-none-eabi/7.2.1/../../../../arm-none-eabi/lib/thumb/v7e-m/fpv4-sp/softfp\libg_nano.a(lib_a-nano-svfprintf.o)
                0x080045ac                _svfiprintf_r
                0x080045ac                _svfprintf_r
 .text.__sfputc_r
                0x08004798       0x2e d:/embedded prog/imt_sdk_win_64/winarm/armgcc/bin/../lib/gcc/arm-none-eabi/7.2.1/../../../../arm-none-eabi/lib/thumb/v7e-m/fpv4-sp/softfp\libg_nano.a(lib_a-nano-vfprintf.o)
 .text.__sfputs_r
                0x080047c6       0x24 d:/embedded prog/imt_sdk_win_64/winarm/armgcc/bin/../lib/gcc/arm-none-eabi/7.2.1/../../../../arm-none-eabi/lib/thumb/v7e-m/fpv4-sp/softfp\libg_nano.a(lib_a-nano-vfprintf.o)
                0x080047c6                __sfputs_r
 *fill*         0x080047ea        0x2 
 .text._vfprintf_r
                0x080047ec      0x228 d:/embedded prog/imt_sdk_win_64/winarm/armgcc/bin/../lib/gcc/arm-none-eabi/7.2.1/../../../../arm-none-eabi/lib/thumb/v7e-m/fpv4-sp/softfp\libg_nano.a(lib_a-nano-vfprintf.o)
                0x080047ec                _vfprintf_r
                0x080047ec                _vfiprintf_r
 .text._printf_common
                0x08004a14       0xea d:/embedded prog/imt_sdk_win_64/winarm/armgcc/bin/../lib/gcc/arm-none-eabi/7.2.1/../../../../arm-none-eabi/lib/thumb/v7e-m/fpv4-sp/softfp\libg_nano.a(lib_a-nano-vfprintf_i.o)
                0x08004a14                _printf_common
 *fill*         0x08004afe        0x2 
 .text._printf_i
                0x08004b00      0x224 d:/embedded prog/imt_sdk_win_64/winarm/armgcc/bin/../lib/gcc/arm-none-eabi/7.2.1/../../../../arm-none-eabi/lib/thumb/v7e-m/fpv4-sp/softfp\libg_nano.a(lib_a-nano-vfprintf_i.o)
                0x08004b00                _printf_i
 .text._read_r  0x08004d24       0x24 d:/embedded prog/imt_sdk_win_64/winarm/armgcc/bin/../lib/gcc/arm-none-eabi/7.2.1/../../../../arm-none-eabi/lib/thumb/v7e-m/fpv4-sp/softfp\libg_nano.a(lib_a-readr.o)
                0x08004d24                _read_r
 .text._fstat_r
                0x08004d48       0x24 d:/embedded prog/imt_sdk_win_64/winarm/armgcc/bin/../lib/gcc/arm-none-eabi/7.2.1/../../../../arm-none-eabi/lib/thumb/v7e-m/fpv4-sp/softfp\libg_nano.a(lib_a-fstatr.o)
                0x08004d48                _fstat_r
 .text._isatty_r
                0x08004d6c       0x20 d:/embedded prog/imt_sdk_win_64/winarm/armgcc/bin/../lib/gcc/arm-none-eabi/7.2.1/../../../../arm-none-eabi/lib/thumb/v7e-m/fpv4-sp/softfp\libg_nano.a(lib_a-isattyr.o)
                0x08004d6c                _isatty_r
 *fill*         0x08004d8c        0x4 
 .text          0x08004d90       0xa0 d:/embedded prog/imt_sdk_win_64/winarm/armgcc/bin/../lib/gcc/arm-none-eabi/7.2.1/../../../../arm-none-eabi/lib/thumb/v7e-m/fpv4-sp/softfp\libg_nano.a(lib_a-memchr.o)
                0x08004d90                memchr
 .text.memmove  0x08004e30       0x32 d:/embedded prog/imt_sdk_win_64/winarm/armgcc/bin/../lib/gcc/arm-none-eabi/7.2.1/../../../../arm-none-eabi/lib/thumb/v7e-m/fpv4-sp/softfp\libg_nano.a(lib_a-memmove.o)
                0x08004e30                memmove
 .text._realloc_r
                0x08004e62       0x4c d:/embedded prog/imt_sdk_win_64/winarm/armgcc/bin/../lib/gcc/arm-none-eabi/7.2.1/../../../../arm-none-eabi/lib/thumb/v7e-m/fpv4-sp/softfp\libg_nano.a(lib_a-nano-reallocr.o)
                0x08004e62                _realloc_r
 .text._malloc_usable_size_r
                0x08004eae       0x10 d:/embedded prog/imt_sdk_win_64/winarm/armgcc/bin/../lib/gcc/arm-none-eabi/7.2.1/../../../../arm-none-eabi/lib/thumb/v7e-m/fpv4-sp/softfp\libg_nano.a(lib_a-nano-msizer.o)
                0x08004eae                _malloc_usable_size_r
 *(.rodata .rodata.* .constdata .constdata.*)
 *fill*         0x08004ebe        0x2 
 .rodata.HAL_NVIC_SetPriorityGrouping.str1.4
                0x08004ec0       0x31 ./system/src/stm32f4-hal/stm32f4xx_hal_cortex.o
 *fill*         0x08004ef1        0x3 
 .rodata.HAL_RCC_OscConfig.str1.4
                0x08004ef4       0x2e ./system/src/stm32f4-hal/stm32f4xx_hal_rcc.o
 *fill*         0x08004f22        0x2 
 .rodata.initialise_monitor_handles.str1.4
                0x08004f24        0x4 ./system/src/newlib/syscalls.o
 .rodata.dumpExceptionStack.str1.4
                0x08004f28      0x11a ./system/src/cortexm/exception-handlers.o
 .rodata.isSemihosting.str1.4
                0x08005042        0x4 ./system/src/cortexm/exception-handlers.o
 *fill*         0x08005042        0x2 
 .rodata.str1.4
                0x08005044       0x2a ./system/src/cortexm/exception-handlers.o
 *fill*         0x0800506e        0x2 
 .rodata.AHBPrescTable
                0x08005070       0x10 ./system/src/cmsis/system_stm32f4xx.o
                0x08005070                AHBPrescTable
 .rodata.assert_failed.str1.4
                0x08005080       0x2d ./src/initialize-hardware.o
 *fill*         0x080050ad        0x3 
 .rodata.main.str1.4
                0x080050b0       0x6e ./src/main.o
 *fill*         0x0800511e        0x2 
 .rodata.receiverTask.str1.4
                0x08005120        0xe ./src/main.o
 *fill*         0x0800512e        0x2 
 .rodata.resetSystem.str1.4
                0x08005130       0x96 ./src/main.o
 *fill*         0x080051c6        0x2 
 .rodata.senderTask.str1.4
                0x080051c8        0xc ./src/main.o
 .rodata.vTaskStartScheduler.str1.4
                0x080051d4        0x5 ./FreeRTOS Source/tasks.o
 *fill*         0x080051d9        0x3 
 .rodata.prvCheckForValidListAndQueue.str1.4
                0x080051dc        0x5 ./FreeRTOS Source/timers.o
 *fill*         0x080051e1        0x3 
 .rodata.xTimerCreateTimerTask.str1.4
                0x080051e4        0x8 ./FreeRTOS Source/timers.o
 .rodata.__sf_fake_stderr
                0x080051ec       0x20 d:/embedded prog/imt_sdk_win_64/winarm/armgcc/bin/../lib/gcc/arm-none-eabi/7.2.1/../../../../arm-none-eabi/lib/thumb/v7e-m/fpv4-sp/softfp\libg_nano.a(lib_a-findfp.o)
                0x080051ec                __sf_fake_stderr
 .rodata.__sf_fake_stdin
                0x0800520c       0x20 d:/embedded prog/imt_sdk_win_64/winarm/armgcc/bin/../lib/gcc/arm-none-eabi/7.2.1/../../../../arm-none-eabi/lib/thumb/v7e-m/fpv4-sp/softfp\libg_nano.a(lib_a-findfp.o)
                0x0800520c                __sf_fake_stdin
 .rodata.__sf_fake_stdout
                0x0800522c       0x20 d:/embedded prog/imt_sdk_win_64/winarm/armgcc/bin/../lib/gcc/arm-none-eabi/7.2.1/../../../../arm-none-eabi/lib/thumb/v7e-m/fpv4-sp/softfp\libg_nano.a(lib_a-findfp.o)
                0x0800522c                __sf_fake_stdout
 .rodata._global_impure_ptr
                0x0800524c        0x4 d:/embedded prog/imt_sdk_win_64/winarm/armgcc/bin/../lib/gcc/arm-none-eabi/7.2.1/../../../../arm-none-eabi/lib/thumb/v7e-m/fpv4-sp/softfp\libg_nano.a(lib_a-impure.o)
                0x0800524c                _global_impure_ptr
 .rodata._setlocale_r.str1.1
                0x08005250        0x8 d:/embedded prog/imt_sdk_win_64/winarm/armgcc/bin/../lib/gcc/arm-none-eabi/7.2.1/../../../../arm-none-eabi/lib/thumb/v7e-m/fpv4-sp/softfp\libg_nano.a(lib_a-locale.o)
                                  0x9 (size before relaxing)
 .rodata.str1.1
                0x08005258        0x2 d:/embedded prog/imt_sdk_win_64/winarm/armgcc/bin/../lib/gcc/arm-none-eabi/7.2.1/../../../../arm-none-eabi/lib/thumb/v7e-m/fpv4-sp/softfp\libg_nano.a(lib_a-locale.o)
 .rodata._ctype_
                0x0800525a      0x101 d:/embedded prog/imt_sdk_win_64/winarm/armgcc/bin/../lib/gcc/arm-none-eabi/7.2.1/../../../../arm-none-eabi/lib/thumb/v7e-m/fpv4-sp/softfp\libg_nano.a(lib_a-ctype_.o)
                0x0800525a                _ctype_
 .rodata._svfprintf_r.str1.1
                0x0800535b       0x11 d:/embedded prog/imt_sdk_win_64/winarm/armgcc/bin/../lib/gcc/arm-none-eabi/7.2.1/../../../../arm-none-eabi/lib/thumb/v7e-m/fpv4-sp/softfp\libg_nano.a(lib_a-nano-svfprintf.o)
 .rodata._vfprintf_r.str1.1
                0x0800536c       0x11 d:/embedded prog/imt_sdk_win_64/winarm/armgcc/bin/../lib/gcc/arm-none-eabi/7.2.1/../../../../arm-none-eabi/lib/thumb/v7e-m/fpv4-sp/softfp\libg_nano.a(lib_a-nano-vfprintf.o)
 .rodata._printf_i.str1.1
                0x0800536c       0x22 d:/embedded prog/imt_sdk_win_64/winarm/armgcc/bin/../lib/gcc/arm-none-eabi/7.2.1/../../../../arm-none-eabi/lib/thumb/v7e-m/fpv4-sp/softfp\libg_nano.a(lib_a-nano-vfprintf_i.o)
 *(vtable)
 *(.eh_frame*)
 *(.glue_7)
 .glue_7        0x0800538e        0x0 linker stubs
 *(.glue_7t)
 .glue_7t       0x0800538e        0x0 linker stubs

.vfp11_veneer   0x08005390        0x0
 .vfp11_veneer  0x08005390        0x0 linker stubs

.v4_bx          0x08005390        0x0
 .v4_bx         0x08005390        0x0 linker stubs

.iplt           0x08005390        0x0
 .iplt          0x08005390        0x0 ./system/src/stm32f4-hal/stm32f4xx_hal.o

.ARM.extab
 *(.ARM.extab* .gnu.linkonce.armextab.*)
                0x08005390                . = ALIGN (0x4)
                0x08005390                __exidx_start = .

.ARM.exidx      0x08005390        0x8
 *(.ARM.exidx* .gnu.linkonce.armexidx.*)
 .ARM.exidx     0x08005390        0x8 d:/embedded prog/imt_sdk_win_64/winarm/armgcc/bin/../lib/gcc/arm-none-eabi/7.2.1/thumb/v7e-m/fpv4-sp/softfp\libgcc.a(_udivmoddi4.o)
                0x08005398                __exidx_end = .

.rel.dyn        0x08005398        0x0
 .rel.iplt      0x08005398        0x0 ./system/src/stm32f4-hal/stm32f4xx_hal.o
                0x08005398                . = ALIGN (0x4)
                0x08005398                _etext = .
                0x08005398                __etext = .

.data_CCMRAM    0x10000000        0x0 load address 0x08005398
 FILL mask 0xff
 *(.data.CCMRAM .data.CCMRAM.*)
                0x10000000                . = ALIGN (0x4)
                0x08005398                _sidata = LOADADDR (.data)

.data           0x20000000      0x218 load address 0x08005398
 FILL mask 0xff
                0x20000000                _sdata = .
                0x20000000                __data_start__ = .
 *(.data_begin .data_begin.*)
 .data_begin    0x20000000        0x4 ./system/src/newlib/startup.o
 *(.data .data.*)
 .data.uwTickFreq
                0x20000004        0x1 ./system/src/stm32f4-hal/stm32f4xx_hal.o
                0x20000004                uwTickFreq
 *fill*         0x20000005        0x3 ff
 .data.uwTickPrio
                0x20000008        0x4 ./system/src/stm32f4-hal/stm32f4xx_hal.o
                0x20000008                uwTickPrio
 .data.SystemCoreClock
                0x2000000c        0x4 ./system/src/cmsis/system_stm32f4xx.o
                0x2000000c                SystemCoreClock
 .data.tSenderLowerBounds
                0x20000010       0x18 ./src/main.o
                0x20000010                tSenderLowerBounds
 .data.tSenderUpperBounds
                0x20000028       0x18 ./src/main.o
                0x20000028                tSenderUpperBounds
 .data.uxCriticalNesting
                0x20000040        0x4 ./FreeRTOS Source/portable/GCC/ARM_CM4F/port.o
 .data._impure_ptr
                0x20000044        0x4 d:/embedded prog/imt_sdk_win_64/winarm/armgcc/bin/../lib/gcc/arm-none-eabi/7.2.1/../../../../arm-none-eabi/lib/thumb/v7e-m/fpv4-sp/softfp\libg_nano.a(lib_a-impure.o)
                0x20000044                _impure_ptr
 .data.impure_data
                0x20000048       0x60 d:/embedded prog/imt_sdk_win_64/winarm/armgcc/bin/../lib/gcc/arm-none-eabi/7.2.1/../../../../arm-none-eabi/lib/thumb/v7e-m/fpv4-sp/softfp\libg_nano.a(lib_a-impure.o)
 .data.__global_locale
                0x200000a8      0x16c d:/embedded prog/imt_sdk_win_64/winarm/armgcc/bin/../lib/gcc/arm-none-eabi/7.2.1/../../../../arm-none-eabi/lib/thumb/v7e-m/fpv4-sp/softfp\libg_nano.a(lib_a-locale.o)
                0x200000a8                __global_locale
 *(.data_end .data_end.*)
 .data_end      0x20000214        0x4 ./system/src/newlib/startup.o
                0x20000218                . = ALIGN (0x4)
                0x20000218                _edata = .
                0x20000218                __data_end__ = .

.igot.plt       0x20000218        0x0 load address 0x080055b0
 .igot.plt      0x20000218        0x0 ./system/src/stm32f4-hal/stm32f4xx_hal.o

.bss_CCMRAM     0x10000000        0x0
 *(.bss.CCMRAM .bss.CCMRAM.*)

.bss            0x20000218    0x12fa4
                0x20000218                __bss_start__ = .
                0x20000218                _sbss = .
 *(.bss_begin .bss_begin.*)
 .bss_begin     0x20000218        0x4 ./system/src/newlib/startup.o
 *(.bss .bss.*)
 .bss.current_heap_end.5716
                0x2000021c        0x4 ./system/src/newlib/sbrk.o
 .bss.args_buf.7639
                0x20000220       0x50 ./system/src/newlib/syscalls.o
 .bss.argv_buf.7640
                0x20000270       0x28 ./system/src/newlib/syscalls.o
 .bss.monitor_stderr
                0x20000298        0x4 ./system/src/newlib/syscalls.o
 .bss.monitor_stdin
                0x2000029c        0x4 ./system/src/newlib/syscalls.o
 .bss.monitor_stdout
                0x200002a0        0x4 ./system/src/newlib/syscalls.o
 .bss.openfiles
                0x200002a4       0xa0 ./system/src/newlib/syscalls.o
 .bss.buf.6960  0x20000344       0x80 ./system/src/diag/trace.o
 .bss.blockedMessages1
                0x200003c4        0x4 ./src/main.o
                0x200003c4                blockedMessages1
 .bss.blockedMessages2
                0x200003c8        0x4 ./src/main.o
                0x200003c8                blockedMessages2
 .bss.blockedMessagesHigh
                0x200003cc        0x4 ./src/main.o
                0x200003cc                blockedMessagesHigh
 .bss.currentBoundIndex
                0x200003d0        0x4 ./src/main.o
                0x200003d0                currentBoundIndex
 .bss.receivedMessages
                0x200003d4        0x4 ./src/main.o
                0x200003d4                receivedMessages
 .bss.sentMessages1
                0x200003d8        0x4 ./src/main.o
                0x200003d8                sentMessages1
 .bss.sentMessages2
                0x200003dc        0x4 ./src/main.o
                0x200003dc                sentMessages2
 .bss.sentMessagesHigh
                0x200003e0        0x4 ./src/main.o
                0x200003e0                sentMessagesHigh
 .bss.pxEnd     0x200003e4        0x4 ./FreeRTOS Source/portable/MemMang/heap_4.o
 .bss.ucHeap    0x200003e8    0x12c00 ./FreeRTOS Source/portable/MemMang/heap_4.o
 .bss.xBlockAllocatedBit
                0x20012fe8        0x4 ./FreeRTOS Source/portable/MemMang/heap_4.o
 .bss.xFreeBytesRemaining
                0x20012fec        0x4 ./FreeRTOS Source/portable/MemMang/heap_4.o
 .bss.xMinimumEverFreeBytesRemaining
                0x20012ff0        0x4 ./FreeRTOS Source/portable/MemMang/heap_4.o
 .bss.xStart    0x20012ff4        0x8 ./FreeRTOS Source/portable/MemMang/heap_4.o
 .bss.ucMaxSysCallPriority
                0x20012ffc        0x1 ./FreeRTOS Source/portable/GCC/ARM_CM4F/port.o
 *fill*         0x20012ffd        0x3 
 .bss.ulMaxPRIGROUPValue
                0x20013000        0x4 ./FreeRTOS Source/portable/GCC/ARM_CM4F/port.o
 .bss.pxCurrentTCB
                0x20013004        0x4 ./FreeRTOS Source/tasks.o
                0x20013004                pxCurrentTCB
 .bss.pxDelayedTaskList
                0x20013008        0x4 ./FreeRTOS Source/tasks.o
 .bss.pxOverflowDelayedTaskList
                0x2001300c        0x4 ./FreeRTOS Source/tasks.o
 .bss.pxReadyTasksLists
                0x20013010       0x64 ./FreeRTOS Source/tasks.o
 .bss.uxCurrentNumberOfTasks
                0x20013074        0x4 ./FreeRTOS Source/tasks.o
 .bss.uxDeletedTasksWaitingCleanUp
                0x20013078        0x4 ./FreeRTOS Source/tasks.o
 .bss.uxPendedTicks
                0x2001307c        0x4 ./FreeRTOS Source/tasks.o
 .bss.uxSchedulerSuspended
                0x20013080        0x4 ./FreeRTOS Source/tasks.o
 .bss.uxTaskNumber
                0x20013084        0x4 ./FreeRTOS Source/tasks.o
 .bss.uxTopReadyPriority
                0x20013088        0x4 ./FreeRTOS Source/tasks.o
 .bss.xDelayedTaskList1
                0x2001308c       0x14 ./FreeRTOS Source/tasks.o
 .bss.xDelayedTaskList2
                0x200130a0       0x14 ./FreeRTOS Source/tasks.o
 .bss.xIdleTaskHandle
                0x200130b4        0x4 ./FreeRTOS Source/tasks.o
 .bss.xNextTaskUnblockTime
                0x200130b8        0x4 ./FreeRTOS Source/tasks.o
 .bss.xNumOfOverflows
                0x200130bc        0x4 ./FreeRTOS Source/tasks.o
 .bss.xPendingReadyList
                0x200130c0       0x14 ./FreeRTOS Source/tasks.o
 .bss.xSchedulerRunning
                0x200130d4        0x4 ./FreeRTOS Source/tasks.o
 .bss.xSuspendedTaskList
                0x200130d8       0x14 ./FreeRTOS Source/tasks.o
 .bss.xTasksWaitingTermination
                0x200130ec       0x14 ./FreeRTOS Source/tasks.o
 .bss.xTickCount
                0x20013100        0x4 ./FreeRTOS Source/tasks.o
 .bss.xYieldPending
                0x20013104        0x4 ./FreeRTOS Source/tasks.o
 .bss.pxCurrentTimerList
                0x20013108        0x4 ./FreeRTOS Source/timers.o
 .bss.pxOverflowTimerList
                0x2001310c        0x4 ./FreeRTOS Source/timers.o
 .bss.xActiveTimerList1
                0x20013110       0x14 ./FreeRTOS Source/timers.o
 .bss.xActiveTimerList2
                0x20013124       0x14 ./FreeRTOS Source/timers.o
 .bss.xLastTime.6679
                0x20013138        0x4 ./FreeRTOS Source/timers.o
 .bss.xTimerQueue
                0x2001313c        0x4 ./FreeRTOS Source/timers.o
 .bss.xTimerTaskHandle
                0x20013140        0x4 ./FreeRTOS Source/timers.o
 .bss.__malloc_free_list
                0x20013144        0x4 d:/embedded prog/imt_sdk_win_64/winarm/armgcc/bin/../lib/gcc/arm-none-eabi/7.2.1/../../../../arm-none-eabi/lib/thumb/v7e-m/fpv4-sp/softfp\libg_nano.a(lib_a-nano-mallocr.o)
                0x20013144                __malloc_free_list
 .bss.__malloc_sbrk_start
                0x20013148        0x4 d:/embedded prog/imt_sdk_win_64/winarm/armgcc/bin/../lib/gcc/arm-none-eabi/7.2.1/../../../../arm-none-eabi/lib/thumb/v7e-m/fpv4-sp/softfp\libg_nano.a(lib_a-nano-mallocr.o)
                0x20013148                __malloc_sbrk_start
 *(COMMON)
 COMMON         0x2001314c        0x4 ./system/src/stm32f4-hal/stm32f4xx_hal.o
                0x2001314c                uwTick
 COMMON         0x20013150        0x4 ./system/src/newlib/syscalls.o
                0x20013150                errno
 COMMON         0x20013154       0x24 ./src/main.o
                0x20013154                xSenderSemaphore1
                0x20013158                xSenderTimer1
                0x2001315c                xSenderTimer2
                0x20013160                xReceiverTimer
                0x20013164                xSenderSemaphoreHigh
                0x20013168                xQueue
                0x2001316c                xSenderSemaphore2
                0x20013170                xSenderTimerHigh
                0x20013174                xReceiverSemaphore
 COMMON         0x20013178       0x40 ./FreeRTOS Source/queue.o
                0x20013178                xQueueRegistry
 *(.bss_end .bss_end.*)
 .bss_end       0x200131b8        0x4 ./system/src/newlib/startup.o
                0x200131bc                . = ALIGN (0x4)
                0x200131bc                __bss_end__ = .
                0x200131bc                _ebss = .

.noinit_CCMRAM
 *(.noinit.CCMRAM .noinit.CCMRAM.*)

.noinit         0x200131bc        0x0
                0x200131bc                _noinit = .
 *(.noinit .noinit.*)
                0x200131bc                . = ALIGN (0x4)
                0x200131bc                _end_noinit = .
                [!provide]                PROVIDE (end, _end_noinit)
                [!provide]                PROVIDE (_end, _end_noinit)
                [!provide]                PROVIDE (__end, _end_noinit)
                [!provide]                PROVIDE (__end__, _end_noinit)

._check_stack   0x200131bc      0x100
                0x200132bc                . = (. + _Minimum_Stack_Size)
 *fill*         0x200131bc      0x100 

.b1text
 *(.b1text)
 *(.b1rodata)
 *(.b1rodata.*)

.eb0text
 *(.eb0text)
 *(.eb0rodata)
 *(.eb0rodata.*)

.eb1text
 *(.eb1text)
 *(.eb1rodata)
 *(.eb1rodata.*)

.eb2text
 *(.eb2text)
 *(.eb2rodata)
 *(.eb2rodata.*)

.eb3text
 *(.eb3text)
 *(.eb3rodata)
 *(.eb3rodata.*)

.stab
 *(.stab)

.stabstr
 *(.stabstr)

.stab.excl
 *(.stab.excl)

.stab.exclstr
 *(.stab.exclstr)

.stab.index
 *(.stab.index)

.stab.indexstr
 *(.stab.indexstr)

.comment        0x00000000       0x7e
 *(.comment)
 .comment       0x00000000       0x7e ./system/src/stm32f4-hal/stm32f4xx_hal.o
                                 0x7f (size before relaxing)
 .comment       0x0000007e       0x7f ./system/src/stm32f4-hal/stm32f4xx_hal_cortex.o
 .comment       0x0000007e       0x7f ./system/src/stm32f4-hal/stm32f4xx_hal_rcc.o
 .comment       0x0000007e       0x7f ./system/src/newlib/sbrk.o
 .comment       0x0000007e       0x7f ./system/src/newlib/startup.o
 .comment       0x0000007e       0x7f ./system/src/newlib/syscalls.o
 .comment       0x0000007e       0x7f ./system/src/diag/trace-impl.o
 .comment       0x0000007e       0x7f ./system/src/diag/trace.o
 .comment       0x0000007e       0x7f ./system/src/cortexm/exception-handlers.o
 .comment       0x0000007e       0x7f ./system/src/cortexm/initialize-hardware.o
 .comment       0x0000007e       0x7f ./system/src/cmsis/system_stm32f4xx.o
 .comment       0x0000007e       0x7f ./system/src/cmsis/vectors_stm32f407xx.o
 .comment       0x0000007e       0x7f ./src/initialize-hardware.o
 .comment       0x0000007e       0x7f ./src/main.o
 .comment       0x0000007e       0x7f ./src/stm32f4xx_hal_msp.o
 .comment       0x0000007e       0x7f ./FreeRTOS Source/portable/MemMang/heap_4.o
 .comment       0x0000007e       0x7f ./FreeRTOS Source/portable/GCC/ARM_CM4F/port.o
 .comment       0x0000007e       0x7f ./FreeRTOS Source/list.o
 .comment       0x0000007e       0x7f ./FreeRTOS Source/queue.o
 .comment       0x0000007e       0x7f ./FreeRTOS Source/tasks.o
 .comment       0x0000007e       0x7f ./FreeRTOS Source/timers.o

.ARM.attributes
                0x00000000       0x35
 .ARM.attributes
                0x00000000       0x37 ./system/src/stm32f4-hal/stm32f4xx_hal.o
 .ARM.attributes
                0x00000037       0x37 ./system/src/stm32f4-hal/stm32f4xx_hal_cortex.o
 .ARM.attributes
                0x0000006e       0x37 ./system/src/stm32f4-hal/stm32f4xx_hal_rcc.o
 .ARM.attributes
                0x000000a5       0x37 ./system/src/newlib/sbrk.o
 .ARM.attributes
                0x000000dc       0x37 ./system/src/newlib/startup.o
 .ARM.attributes
                0x00000113       0x37 ./system/src/newlib/syscalls.o
 .ARM.attributes
                0x0000014a       0x37 ./system/src/diag/trace-impl.o
 .ARM.attributes
                0x00000181       0x37 ./system/src/diag/trace.o
 .ARM.attributes
                0x000001b8       0x37 ./system/src/cortexm/exception-handlers.o
 .ARM.attributes
                0x000001ef       0x37 ./system/src/cortexm/initialize-hardware.o
 .ARM.attributes
                0x00000226       0x37 ./system/src/cmsis/system_stm32f4xx.o
 .ARM.attributes
                0x0000025d       0x37 ./system/src/cmsis/vectors_stm32f407xx.o
 .ARM.attributes
                0x00000294       0x37 ./src/initialize-hardware.o
 .ARM.attributes
                0x000002cb       0x37 ./src/main.o
 .ARM.attributes
                0x00000302       0x37 ./src/stm32f4xx_hal_msp.o
 .ARM.attributes
                0x00000339       0x37 ./FreeRTOS Source/portable/MemMang/heap_4.o
 .ARM.attributes
                0x00000370       0x37 ./FreeRTOS Source/portable/GCC/ARM_CM4F/port.o
 .ARM.attributes
                0x000003a7       0x37 ./FreeRTOS Source/list.o
 .ARM.attributes
                0x000003de       0x37 ./FreeRTOS Source/queue.o
 .ARM.attributes
                0x00000415       0x37 ./FreeRTOS Source/tasks.o
 .ARM.attributes
                0x0000044c       0x37 ./FreeRTOS Source/timers.o
 .ARM.attributes
                0x00000483       0x22 d:/embedded prog/imt_sdk_win_64/winarm/armgcc/bin/../lib/gcc/arm-none-eabi/7.2.1/thumb/v7e-m/fpv4-sp/softfp\libgcc.a(_aeabi_uldivmod.o)
 .ARM.attributes
                0x000004a5       0x32 d:/embedded prog/imt_sdk_win_64/winarm/armgcc/bin/../lib/gcc/arm-none-eabi/7.2.1/thumb/v7e-m/fpv4-sp/softfp\libgcc.a(_udivmoddi4.o)
 .ARM.attributes
                0x000004d7       0x22 d:/embedded prog/imt_sdk_win_64/winarm/armgcc/bin/../lib/gcc/arm-none-eabi/7.2.1/thumb/v7e-m/fpv4-sp/softfp\libgcc.a(_dvmd_tls.o)
 .ARM.attributes
                0x000004f9       0x32 d:/embedded prog/imt_sdk_win_64/winarm/armgcc/bin/../lib/gcc/arm-none-eabi/7.2.1/../../../../arm-none-eabi/lib/thumb/v7e-m/fpv4-sp/softfp\libg_nano.a(lib_a-errno.o)
 .ARM.attributes
                0x0000052b       0x32 d:/embedded prog/imt_sdk_win_64/winarm/armgcc/bin/../lib/gcc/arm-none-eabi/7.2.1/../../../../arm-none-eabi/lib/thumb/v7e-m/fpv4-sp/softfp\libg_nano.a(lib_a-findfp.o)
 .ARM.attributes
                0x0000055d       0x32 d:/embedded prog/imt_sdk_win_64/winarm/armgcc/bin/../lib/gcc/arm-none-eabi/7.2.1/../../../../arm-none-eabi/lib/thumb/v7e-m/fpv4-sp/softfp\libg_nano.a(lib_a-fwalk.o)
 .ARM.attributes
                0x0000058f       0x32 d:/embedded prog/imt_sdk_win_64/winarm/armgcc/bin/../lib/gcc/arm-none-eabi/7.2.1/../../../../arm-none-eabi/lib/thumb/v7e-m/fpv4-sp/softfp\libg_nano.a(lib_a-impure.o)
 .ARM.attributes
                0x000005c1       0x32 d:/embedded prog/imt_sdk_win_64/winarm/armgcc/bin/../lib/gcc/arm-none-eabi/7.2.1/../../../../arm-none-eabi/lib/thumb/v7e-m/fpv4-sp/softfp\libg_nano.a(lib_a-locale.o)
 .ARM.attributes
                0x000005f3       0x32 d:/embedded prog/imt_sdk_win_64/winarm/armgcc/bin/../lib/gcc/arm-none-eabi/7.2.1/../../../../arm-none-eabi/lib/thumb/v7e-m/fpv4-sp/softfp\libg_nano.a(lib_a-mbtowc_r.o)
 .ARM.attributes
                0x00000625       0x32 d:/embedded prog/imt_sdk_win_64/winarm/armgcc/bin/../lib/gcc/arm-none-eabi/7.2.1/../../../../arm-none-eabi/lib/thumb/v7e-m/fpv4-sp/softfp\libg_nano.a(lib_a-memcpy-stub.o)
 .ARM.attributes
                0x00000657       0x32 d:/embedded prog/imt_sdk_win_64/winarm/armgcc/bin/../lib/gcc/arm-none-eabi/7.2.1/../../../../arm-none-eabi/lib/thumb/v7e-m/fpv4-sp/softfp\libg_nano.a(lib_a-memset.o)
 .ARM.attributes
                0x00000689       0x32 d:/embedded prog/imt_sdk_win_64/winarm/armgcc/bin/../lib/gcc/arm-none-eabi/7.2.1/../../../../arm-none-eabi/lib/thumb/v7e-m/fpv4-sp/softfp\libg_nano.a(lib_a-nano-mallocr.o)
 .ARM.attributes
                0x000006bb       0x32 d:/embedded prog/imt_sdk_win_64/winarm/armgcc/bin/../lib/gcc/arm-none-eabi/7.2.1/../../../../arm-none-eabi/lib/thumb/v7e-m/fpv4-sp/softfp\libg_nano.a(lib_a-printf.o)
 .ARM.attributes
                0x000006ed       0x32 d:/embedded prog/imt_sdk_win_64/winarm/armgcc/bin/../lib/gcc/arm-none-eabi/7.2.1/../../../../arm-none-eabi/lib/thumb/v7e-m/fpv4-sp/softfp\libg_nano.a(lib_a-puts.o)
 .ARM.attributes
                0x0000071f       0x32 d:/embedded prog/imt_sdk_win_64/winarm/armgcc/bin/../lib/gcc/arm-none-eabi/7.2.1/../../../../arm-none-eabi/lib/thumb/v7e-m/fpv4-sp/softfp\libg_nano.a(lib_a-rand.o)
 .ARM.attributes
                0x00000751       0x32 d:/embedded prog/imt_sdk_win_64/winarm/armgcc/bin/../lib/gcc/arm-none-eabi/7.2.1/../../../../arm-none-eabi/lib/thumb/v7e-m/fpv4-sp/softfp\libg_nano.a(lib_a-sbrkr.o)
 .ARM.attributes
                0x00000783       0x32 d:/embedded prog/imt_sdk_win_64/winarm/armgcc/bin/../lib/gcc/arm-none-eabi/7.2.1/../../../../arm-none-eabi/lib/thumb/v7e-m/fpv4-sp/softfp\libg_nano.a(lib_a-snprintf.o)
 .ARM.attributes
                0x000007b5       0x32 d:/embedded prog/imt_sdk_win_64/winarm/armgcc/bin/../lib/gcc/arm-none-eabi/7.2.1/../../../../arm-none-eabi/lib/thumb/v7e-m/fpv4-sp/softfp\libg_nano.a(lib_a-stdio.o)
 .ARM.attributes
                0x000007e7       0x20 d:/embedded prog/imt_sdk_win_64/winarm/armgcc/bin/../lib/gcc/arm-none-eabi/7.2.1/../../../../arm-none-eabi/lib/thumb/v7e-m/fpv4-sp/softfp\libg_nano.a(lib_a-strcmp.o)
 .ARM.attributes
                0x00000807       0x32 d:/embedded prog/imt_sdk_win_64/winarm/armgcc/bin/../lib/gcc/arm-none-eabi/7.2.1/../../../../arm-none-eabi/lib/thumb/v7e-m/fpv4-sp/softfp\libg_nano.a(lib_a-vsnprintf.o)
 .ARM.attributes
                0x00000839       0x32 d:/embedded prog/imt_sdk_win_64/winarm/armgcc/bin/../lib/gcc/arm-none-eabi/7.2.1/../../../../arm-none-eabi/lib/thumb/v7e-m/fpv4-sp/softfp\libg_nano.a(lib_a-wbuf.o)
 .ARM.attributes
                0x0000086b       0x32 d:/embedded prog/imt_sdk_win_64/winarm/armgcc/bin/../lib/gcc/arm-none-eabi/7.2.1/../../../../arm-none-eabi/lib/thumb/v7e-m/fpv4-sp/softfp\libg_nano.a(lib_a-wctomb_r.o)
 .ARM.attributes
                0x0000089d       0x32 d:/embedded prog/imt_sdk_win_64/winarm/armgcc/bin/../lib/gcc/arm-none-eabi/7.2.1/../../../../arm-none-eabi/lib/thumb/v7e-m/fpv4-sp/softfp\libg_nano.a(lib_a-writer.o)
 .ARM.attributes
                0x000008cf       0x32 d:/embedded prog/imt_sdk_win_64/winarm/armgcc/bin/../lib/gcc/arm-none-eabi/7.2.1/../../../../arm-none-eabi/lib/thumb/v7e-m/fpv4-sp/softfp\libg_nano.a(lib_a-wsetup.o)
 .ARM.attributes
                0x00000901       0x32 d:/embedded prog/imt_sdk_win_64/winarm/armgcc/bin/../lib/gcc/arm-none-eabi/7.2.1/../../../../arm-none-eabi/lib/thumb/v7e-m/fpv4-sp/softfp\libg_nano.a(lib_a-closer.o)
 .ARM.attributes
                0x00000933       0x32 d:/embedded prog/imt_sdk_win_64/winarm/armgcc/bin/../lib/gcc/arm-none-eabi/7.2.1/../../../../arm-none-eabi/lib/thumb/v7e-m/fpv4-sp/softfp\libg_nano.a(lib_a-ctype_.o)
 .ARM.attributes
                0x00000965       0x32 d:/embedded prog/imt_sdk_win_64/winarm/armgcc/bin/../lib/gcc/arm-none-eabi/7.2.1/../../../../arm-none-eabi/lib/thumb/v7e-m/fpv4-sp/softfp\libg_nano.a(lib_a-fflush.o)
 .ARM.attributes
                0x00000997       0x32 d:/embedded prog/imt_sdk_win_64/winarm/armgcc/bin/../lib/gcc/arm-none-eabi/7.2.1/../../../../arm-none-eabi/lib/thumb/v7e-m/fpv4-sp/softfp\libg_nano.a(lib_a-lseekr.o)
 .ARM.attributes
                0x000009c9       0x32 d:/embedded prog/imt_sdk_win_64/winarm/armgcc/bin/../lib/gcc/arm-none-eabi/7.2.1/../../../../arm-none-eabi/lib/thumb/v7e-m/fpv4-sp/softfp\libg_nano.a(lib_a-makebuf.o)
 .ARM.attributes
                0x000009fb       0x32 d:/embedded prog/imt_sdk_win_64/winarm/armgcc/bin/../lib/gcc/arm-none-eabi/7.2.1/../../../../arm-none-eabi/lib/thumb/v7e-m/fpv4-sp/softfp\libg_nano.a(lib_a-malloc.o)
 .ARM.attributes
                0x00000a2d       0x32 d:/embedded prog/imt_sdk_win_64/winarm/armgcc/bin/../lib/gcc/arm-none-eabi/7.2.1/../../../../arm-none-eabi/lib/thumb/v7e-m/fpv4-sp/softfp\libg_nano.a(lib_a-mlock.o)
 .ARM.attributes
                0x00000a5f       0x32 d:/embedded prog/imt_sdk_win_64/winarm/armgcc/bin/../lib/gcc/arm-none-eabi/7.2.1/../../../../arm-none-eabi/lib/thumb/v7e-m/fpv4-sp/softfp\libg_nano.a(lib_a-nano-freer.o)
 .ARM.attributes
                0x00000a91       0x32 d:/embedded prog/imt_sdk_win_64/winarm/armgcc/bin/../lib/gcc/arm-none-eabi/7.2.1/../../../../arm-none-eabi/lib/thumb/v7e-m/fpv4-sp/softfp\libg_nano.a(lib_a-nano-svfprintf.o)
 .ARM.attributes
                0x00000ac3       0x32 d:/embedded prog/imt_sdk_win_64/winarm/armgcc/bin/../lib/gcc/arm-none-eabi/7.2.1/../../../../arm-none-eabi/lib/thumb/v7e-m/fpv4-sp/softfp\libg_nano.a(lib_a-nano-vfprintf.o)
 .ARM.attributes
                0x00000af5       0x32 d:/embedded prog/imt_sdk_win_64/winarm/armgcc/bin/../lib/gcc/arm-none-eabi/7.2.1/../../../../arm-none-eabi/lib/thumb/v7e-m/fpv4-sp/softfp\libg_nano.a(lib_a-nano-vfprintf_i.o)
 .ARM.attributes
                0x00000b27       0x32 d:/embedded prog/imt_sdk_win_64/winarm/armgcc/bin/../lib/gcc/arm-none-eabi/7.2.1/../../../../arm-none-eabi/lib/thumb/v7e-m/fpv4-sp/softfp\libg_nano.a(lib_a-readr.o)
 .ARM.attributes
                0x00000b59       0x32 d:/embedded prog/imt_sdk_win_64/winarm/armgcc/bin/../lib/gcc/arm-none-eabi/7.2.1/../../../../arm-none-eabi/lib/thumb/v7e-m/fpv4-sp/softfp\libg_nano.a(lib_a-fstatr.o)
 .ARM.attributes
                0x00000b8b       0x32 d:/embedded prog/imt_sdk_win_64/winarm/armgcc/bin/../lib/gcc/arm-none-eabi/7.2.1/../../../../arm-none-eabi/lib/thumb/v7e-m/fpv4-sp/softfp\libg_nano.a(lib_a-isattyr.o)
 .ARM.attributes
                0x00000bbd       0x20 d:/embedded prog/imt_sdk_win_64/winarm/armgcc/bin/../lib/gcc/arm-none-eabi/7.2.1/../../../../arm-none-eabi/lib/thumb/v7e-m/fpv4-sp/softfp\libg_nano.a(lib_a-memchr.o)
 .ARM.attributes
                0x00000bdd       0x32 d:/embedded prog/imt_sdk_win_64/winarm/armgcc/bin/../lib/gcc/arm-none-eabi/7.2.1/../../../../arm-none-eabi/lib/thumb/v7e-m/fpv4-sp/softfp\libg_nano.a(lib_a-memmove.o)
 .ARM.attributes
                0x00000c0f       0x32 d:/embedded prog/imt_sdk_win_64/winarm/armgcc/bin/../lib/gcc/arm-none-eabi/7.2.1/../../../../arm-none-eabi/lib/thumb/v7e-m/fpv4-sp/softfp\libg_nano.a(lib_a-nano-reallocr.o)
 .ARM.attributes
                0x00000c41       0x32 d:/embedded prog/imt_sdk_win_64/winarm/armgcc/bin/../lib/gcc/arm-none-eabi/7.2.1/../../../../arm-none-eabi/lib/thumb/v7e-m/fpv4-sp/softfp\libg_nano.a(lib_a-nano-msizer.o)

.debug
 *(.debug)

.line
 *(.line)

.debug_srcinfo
 *(.debug_srcinfo)

.debug_sfnames
 *(.debug_sfnames)

.debug_aranges  0x00000000      0xa98
 *(.debug_aranges)
 .debug_aranges
                0x00000000       0xf0 ./system/src/stm32f4-hal/stm32f4xx_hal.o
 .debug_aranges
                0x000000f0       0xa8 ./system/src/stm32f4-hal/stm32f4xx_hal_cortex.o
 .debug_aranges
                0x00000198       0x88 ./system/src/stm32f4-hal/stm32f4xx_hal_rcc.o
 .debug_aranges
                0x00000220       0x20 ./system/src/newlib/sbrk.o
 .debug_aranges
                0x00000240       0x40 ./system/src/newlib/startup.o
 .debug_aranges
                0x00000280      0x120 ./system/src/newlib/syscalls.o
 .debug_aranges
                0x000003a0       0x30 ./system/src/diag/trace-impl.o
 .debug_aranges
                0x000003d0       0x38 ./system/src/diag/trace.o
 .debug_aranges
                0x00000408       0x90 ./system/src/cortexm/exception-handlers.o
 .debug_aranges
                0x00000498       0x28 ./system/src/cortexm/initialize-hardware.o
 .debug_aranges
                0x000004c0       0x28 ./system/src/cmsis/system_stm32f4xx.o
 .debug_aranges
                0x000004e8       0x20 ./system/src/cmsis/vectors_stm32f407xx.o
 .debug_aranges
                0x00000508       0x30 ./src/initialize-hardware.o
 .debug_aranges
                0x00000538       0x78 ./src/main.o
 .debug_aranges
                0x000005b0       0x38 ./src/stm32f4xx_hal_msp.o
 .debug_aranges
                0x000005e8       0x50 ./FreeRTOS Source/portable/MemMang/heap_4.o
 .debug_aranges
                0x00000638       0x78 ./FreeRTOS Source/portable/GCC/ARM_CM4F/port.o
 .debug_aranges
                0x000006b0       0x40 ./FreeRTOS Source/list.o
 .debug_aranges
                0x000006f0      0x118 ./FreeRTOS Source/queue.o
 .debug_aranges
                0x00000808      0x1d8 ./FreeRTOS Source/tasks.o
 .debug_aranges
                0x000009e0       0xb8 ./FreeRTOS Source/timers.o

.debug_pubnames
 *(.debug_pubnames)

.debug_info     0x00000000    0x12af3
 *(.debug_info .gnu.linkonce.wi.*)
 .debug_info    0x00000000      0xa17 ./system/src/stm32f4-hal/stm32f4xx_hal.o
 .debug_info    0x00000a17     0x1221 ./system/src/stm32f4-hal/stm32f4xx_hal_cortex.o
 .debug_info    0x00001c38      0xd2e ./system/src/stm32f4-hal/stm32f4xx_hal_rcc.o
 .debug_info    0x00002966      0x942 ./system/src/newlib/sbrk.o
 .debug_info    0x000032a8      0x4ca ./system/src/newlib/startup.o
 .debug_info    0x00003772     0x2027 ./system/src/newlib/syscalls.o
 .debug_info    0x00005799      0x42b ./system/src/diag/trace-impl.o
 .debug_info    0x00005bc4      0xb2a ./system/src/diag/trace.o
 .debug_info    0x000066ee     0x12a0 ./system/src/cortexm/exception-handlers.o
 .debug_info    0x0000798e      0x374 ./system/src/cortexm/initialize-hardware.o
 .debug_info    0x00007d02      0x559 ./system/src/cmsis/system_stm32f4xx.o
 .debug_info    0x0000825b       0xca ./system/src/cmsis/vectors_stm32f407xx.o
 .debug_info    0x00008325      0x659 ./src/initialize-hardware.o
 .debug_info    0x0000897e     0x15a9 ./src/main.o
 .debug_info    0x00009f27      0x1b5 ./src/stm32f4xx_hal_msp.o
 .debug_info    0x0000a0dc      0xd07 ./FreeRTOS Source/portable/MemMang/heap_4.o
 .debug_info    0x0000ade3      0x557 ./FreeRTOS Source/portable/GCC/ARM_CM4F/port.o
 .debug_info    0x0000b33a      0xb28 ./FreeRTOS Source/list.o
 .debug_info    0x0000be62     0x22e7 ./FreeRTOS Source/queue.o
 .debug_info    0x0000e149     0x30e9 ./FreeRTOS Source/tasks.o
 .debug_info    0x00011232     0x18c1 ./FreeRTOS Source/timers.o

.debug_abbrev   0x00000000     0x3175
 *(.debug_abbrev)
 .debug_abbrev  0x00000000      0x1ed ./system/src/stm32f4-hal/stm32f4xx_hal.o
 .debug_abbrev  0x000001ed      0x343 ./system/src/stm32f4-hal/stm32f4xx_hal_cortex.o
 .debug_abbrev  0x00000530      0x284 ./system/src/stm32f4-hal/stm32f4xx_hal_rcc.o
 .debug_abbrev  0x000007b4      0x1fc ./system/src/newlib/sbrk.o
 .debug_abbrev  0x000009b0      0x1cb ./system/src/newlib/startup.o
 .debug_abbrev  0x00000b7b      0x429 ./system/src/newlib/syscalls.o
 .debug_abbrev  0x00000fa4      0x1f3 ./system/src/diag/trace-impl.o
 .debug_abbrev  0x00001197      0x276 ./system/src/diag/trace.o
 .debug_abbrev  0x0000140d      0x38a ./system/src/cortexm/exception-handlers.o
 .debug_abbrev  0x00001797      0x104 ./system/src/cortexm/initialize-hardware.o
 .debug_abbrev  0x0000189b      0x12b ./system/src/cmsis/system_stm32f4xx.o
 .debug_abbrev  0x000019c6       0x9d ./system/src/cmsis/vectors_stm32f407xx.o
 .debug_abbrev  0x00001a63      0x196 ./src/initialize-hardware.o
 .debug_abbrev  0x00001bf9      0x2f3 ./src/main.o
 .debug_abbrev  0x00001eec       0xae ./src/stm32f4xx_hal_msp.o
 .debug_abbrev  0x00001f9a      0x334 ./FreeRTOS Source/portable/MemMang/heap_4.o
 .debug_abbrev  0x000022ce      0x228 ./FreeRTOS Source/portable/GCC/ARM_CM4F/port.o
 .debug_abbrev  0x000024f6      0x21c ./FreeRTOS Source/list.o
 .debug_abbrev  0x00002712      0x385 ./FreeRTOS Source/queue.o
 .debug_abbrev  0x00002a97      0x3ef ./FreeRTOS Source/tasks.o
 .debug_abbrev  0x00002e86      0x2ef ./FreeRTOS Source/timers.o

.debug_line     0x00000000     0xab37
 *(.debug_line)
 .debug_line    0x00000000      0xb6b ./system/src/stm32f4-hal/stm32f4xx_hal.o
 .debug_line    0x00000b6b      0xc57 ./system/src/stm32f4-hal/stm32f4xx_hal_cortex.o
 .debug_line    0x000017c2      0xd36 ./system/src/stm32f4-hal/stm32f4xx_hal_rcc.o
 .debug_line    0x000024f8      0x2e2 ./system/src/newlib/sbrk.o
 .debug_line    0x000027da      0x3b3 ./system/src/newlib/startup.o
 .debug_line    0x00002b8d      0x8aa ./system/src/newlib/syscalls.o
 .debug_line    0x00003437      0xb11 ./system/src/diag/trace-impl.o
 .debug_line    0x00003f48      0x3ab ./system/src/diag/trace.o
 .debug_line    0x000042f3      0xc1e ./system/src/cortexm/exception-handlers.o
 .debug_line    0x00004f11      0x98c ./system/src/cortexm/initialize-hardware.o
 .debug_line    0x0000589d      0x98d ./system/src/cmsis/system_stm32f4xx.o
 .debug_line    0x0000622a      0x220 ./system/src/cmsis/vectors_stm32f407xx.o
 .debug_line    0x0000644a      0xabb ./src/initialize-hardware.o
 .debug_line    0x00006f05      0x5bc ./src/main.o
 .debug_line    0x000074c1      0x985 ./src/stm32f4xx_hal_msp.o
 .debug_line    0x00007e46      0x4fe ./FreeRTOS Source/portable/MemMang/heap_4.o
 .debug_line    0x00008344      0x4a4 ./FreeRTOS Source/portable/GCC/ARM_CM4F/port.o
 .debug_line    0x000087e8      0x425 ./FreeRTOS Source/list.o
 .debug_line    0x00008c0d      0xa23 ./FreeRTOS Source/queue.o
 .debug_line    0x00009630      0xe9b ./FreeRTOS Source/tasks.o
 .debug_line    0x0000a4cb      0x66c ./FreeRTOS Source/timers.o

.debug_frame    0x00000000     0x2670
 *(.debug_frame)
 .debug_frame   0x00000000      0x1f0 ./system/src/stm32f4-hal/stm32f4xx_hal.o
 .debug_frame   0x000001f0      0x19c ./system/src/stm32f4-hal/stm32f4xx_hal_cortex.o
 .debug_frame   0x0000038c      0x188 ./system/src/stm32f4-hal/stm32f4xx_hal_rcc.o
 .debug_frame   0x00000514       0x28 ./system/src/newlib/sbrk.o
 .debug_frame   0x0000053c       0x7c ./system/src/newlib/startup.o
 .debug_frame   0x000005b8      0x3dc ./system/src/newlib/syscalls.o
 .debug_frame   0x00000994       0x64 ./system/src/diag/trace-impl.o
 .debug_frame   0x000009f8       0x94 ./system/src/diag/trace.o
 .debug_frame   0x00000a8c      0x164 ./system/src/cortexm/exception-handlers.o
 .debug_frame   0x00000bf0       0x40 ./system/src/cortexm/initialize-hardware.o
 .debug_frame   0x00000c30       0x30 ./system/src/cmsis/system_stm32f4xx.o
 .debug_frame   0x00000c60       0x20 ./system/src/cmsis/vectors_stm32f407xx.o
 .debug_frame   0x00000c80       0x60 ./src/initialize-hardware.o
 .debug_frame   0x00000ce0      0x13c ./src/main.o
 .debug_frame   0x00000e1c       0x50 ./src/stm32f4xx_hal_msp.o
 .debug_frame   0x00000e6c       0xac ./FreeRTOS Source/portable/MemMang/heap_4.o
 .debug_frame   0x00000f18       0xe0 ./FreeRTOS Source/portable/GCC/ARM_CM4F/port.o
 .debug_frame   0x00000ff8       0x6c ./FreeRTOS Source/list.o
 .debug_frame   0x00001064      0x354 ./FreeRTOS Source/queue.o
 .debug_frame   0x000013b8      0x5b4 ./FreeRTOS Source/tasks.o
 .debug_frame   0x0000196c      0x234 ./FreeRTOS Source/timers.o
 .debug_frame   0x00001ba0       0x2c d:/embedded prog/imt_sdk_win_64/winarm/armgcc/bin/../lib/gcc/arm-none-eabi/7.2.1/thumb/v7e-m/fpv4-sp/softfp\libgcc.a(_aeabi_uldivmod.o)
 .debug_frame   0x00001bcc       0x34 d:/embedded prog/imt_sdk_win_64/winarm/armgcc/bin/../lib/gcc/arm-none-eabi/7.2.1/thumb/v7e-m/fpv4-sp/softfp\libgcc.a(_udivmoddi4.o)
 .debug_frame   0x00001c00       0x20 d:/embedded prog/imt_sdk_win_64/winarm/armgcc/bin/../lib/gcc/arm-none-eabi/7.2.1/../../../../arm-none-eabi/lib/thumb/v7e-m/fpv4-sp/softfp\libg_nano.a(lib_a-errno.o)
 .debug_frame   0x00001c20      0x11c d:/embedded prog/imt_sdk_win_64/winarm/armgcc/bin/../lib/gcc/arm-none-eabi/7.2.1/../../../../arm-none-eabi/lib/thumb/v7e-m/fpv4-sp/softfp\libg_nano.a(lib_a-findfp.o)
 .debug_frame   0x00001d3c       0x54 d:/embedded prog/imt_sdk_win_64/winarm/armgcc/bin/../lib/gcc/arm-none-eabi/7.2.1/../../../../arm-none-eabi/lib/thumb/v7e-m/fpv4-sp/softfp\libg_nano.a(lib_a-fwalk.o)
 .debug_frame   0x00001d90       0x68 d:/embedded prog/imt_sdk_win_64/winarm/armgcc/bin/../lib/gcc/arm-none-eabi/7.2.1/../../../../arm-none-eabi/lib/thumb/v7e-m/fpv4-sp/softfp\libg_nano.a(lib_a-locale.o)
 .debug_frame   0x00001df8       0x48 d:/embedded prog/imt_sdk_win_64/winarm/armgcc/bin/../lib/gcc/arm-none-eabi/7.2.1/../../../../arm-none-eabi/lib/thumb/v7e-m/fpv4-sp/softfp\libg_nano.a(lib_a-mbtowc_r.o)
 .debug_frame   0x00001e40       0x28 d:/embedded prog/imt_sdk_win_64/winarm/armgcc/bin/../lib/gcc/arm-none-eabi/7.2.1/../../../../arm-none-eabi/lib/thumb/v7e-m/fpv4-sp/softfp\libg_nano.a(lib_a-memcpy-stub.o)
 .debug_frame   0x00001e68       0x20 d:/embedded prog/imt_sdk_win_64/winarm/armgcc/bin/../lib/gcc/arm-none-eabi/7.2.1/../../../../arm-none-eabi/lib/thumb/v7e-m/fpv4-sp/softfp\libg_nano.a(lib_a-memset.o)
 .debug_frame   0x00001e88       0x2c d:/embedded prog/imt_sdk_win_64/winarm/armgcc/bin/../lib/gcc/arm-none-eabi/7.2.1/../../../../arm-none-eabi/lib/thumb/v7e-m/fpv4-sp/softfp\libg_nano.a(lib_a-nano-mallocr.o)
 .debug_frame   0x00001eb4       0x74 d:/embedded prog/imt_sdk_win_64/winarm/armgcc/bin/../lib/gcc/arm-none-eabi/7.2.1/../../../../arm-none-eabi/lib/thumb/v7e-m/fpv4-sp/softfp\libg_nano.a(lib_a-printf.o)
 .debug_frame   0x00001f28       0x3c d:/embedded prog/imt_sdk_win_64/winarm/armgcc/bin/../lib/gcc/arm-none-eabi/7.2.1/../../../../arm-none-eabi/lib/thumb/v7e-m/fpv4-sp/softfp\libg_nano.a(lib_a-puts.o)
 .debug_frame   0x00001f64       0x48 d:/embedded prog/imt_sdk_win_64/winarm/armgcc/bin/../lib/gcc/arm-none-eabi/7.2.1/../../../../arm-none-eabi/lib/thumb/v7e-m/fpv4-sp/softfp\libg_nano.a(lib_a-rand.o)
 .debug_frame   0x00001fac       0x2c d:/embedded prog/imt_sdk_win_64/winarm/armgcc/bin/../lib/gcc/arm-none-eabi/7.2.1/../../../../arm-none-eabi/lib/thumb/v7e-m/fpv4-sp/softfp\libg_nano.a(lib_a-sbrkr.o)
 .debug_frame   0x00001fd8       0x7c d:/embedded prog/imt_sdk_win_64/winarm/armgcc/bin/../lib/gcc/arm-none-eabi/7.2.1/../../../../arm-none-eabi/lib/thumb/v7e-m/fpv4-sp/softfp\libg_nano.a(lib_a-snprintf.o)
 .debug_frame   0x00002054       0x88 d:/embedded prog/imt_sdk_win_64/winarm/armgcc/bin/../lib/gcc/arm-none-eabi/7.2.1/../../../../arm-none-eabi/lib/thumb/v7e-m/fpv4-sp/softfp\libg_nano.a(lib_a-stdio.o)
 .debug_frame   0x000020dc       0x20 d:/embedded prog/imt_sdk_win_64/winarm/armgcc/bin/../lib/gcc/arm-none-eabi/7.2.1/../../../../arm-none-eabi/lib/thumb/v7e-m/fpv4-sp/softfp\libg_nano.a(lib_a-strcmp.o)
 .debug_frame   0x000020fc       0x4c d:/embedded prog/imt_sdk_win_64/winarm/armgcc/bin/../lib/gcc/arm-none-eabi/7.2.1/../../../../arm-none-eabi/lib/thumb/v7e-m/fpv4-sp/softfp\libg_nano.a(lib_a-vsnprintf.o)
 .debug_frame   0x00002148       0x40 d:/embedded prog/imt_sdk_win_64/winarm/armgcc/bin/../lib/gcc/arm-none-eabi/7.2.1/../../../../arm-none-eabi/lib/thumb/v7e-m/fpv4-sp/softfp\libg_nano.a(lib_a-wbuf.o)
 .debug_frame   0x00002188       0x3c d:/embedded prog/imt_sdk_win_64/winarm/armgcc/bin/../lib/gcc/arm-none-eabi/7.2.1/../../../../arm-none-eabi/lib/thumb/v7e-m/fpv4-sp/softfp\libg_nano.a(lib_a-wctomb_r.o)
 .debug_frame   0x000021c4       0x2c d:/embedded prog/imt_sdk_win_64/winarm/armgcc/bin/../lib/gcc/arm-none-eabi/7.2.1/../../../../arm-none-eabi/lib/thumb/v7e-m/fpv4-sp/softfp\libg_nano.a(lib_a-writer.o)
 .debug_frame   0x000021f0       0x2c d:/embedded prog/imt_sdk_win_64/winarm/armgcc/bin/../lib/gcc/arm-none-eabi/7.2.1/../../../../arm-none-eabi/lib/thumb/v7e-m/fpv4-sp/softfp\libg_nano.a(lib_a-wsetup.o)
 .debug_frame   0x0000221c       0x2c d:/embedded prog/imt_sdk_win_64/winarm/armgcc/bin/../lib/gcc/arm-none-eabi/7.2.1/../../../../arm-none-eabi/lib/thumb/v7e-m/fpv4-sp/softfp\libg_nano.a(lib_a-closer.o)
 .debug_frame   0x00002248       0x68 d:/embedded prog/imt_sdk_win_64/winarm/armgcc/bin/../lib/gcc/arm-none-eabi/7.2.1/../../../../arm-none-eabi/lib/thumb/v7e-m/fpv4-sp/softfp\libg_nano.a(lib_a-fflush.o)
 .debug_frame   0x000022b0       0x2c d:/embedded prog/imt_sdk_win_64/winarm/armgcc/bin/../lib/gcc/arm-none-eabi/7.2.1/../../../../arm-none-eabi/lib/thumb/v7e-m/fpv4-sp/softfp\libg_nano.a(lib_a-lseekr.o)
 .debug_frame   0x000022dc       0x58 d:/embedded prog/imt_sdk_win_64/winarm/armgcc/bin/../lib/gcc/arm-none-eabi/7.2.1/../../../../arm-none-eabi/lib/thumb/v7e-m/fpv4-sp/softfp\libg_nano.a(lib_a-makebuf.o)
 .debug_frame   0x00002334       0x30 d:/embedded prog/imt_sdk_win_64/winarm/armgcc/bin/../lib/gcc/arm-none-eabi/7.2.1/../../../../arm-none-eabi/lib/thumb/v7e-m/fpv4-sp/softfp\libg_nano.a(lib_a-malloc.o)
 .debug_frame   0x00002364       0x30 d:/embedded prog/imt_sdk_win_64/winarm/armgcc/bin/../lib/gcc/arm-none-eabi/7.2.1/../../../../arm-none-eabi/lib/thumb/v7e-m/fpv4-sp/softfp\libg_nano.a(lib_a-mlock.o)
 .debug_frame   0x00002394       0x38 d:/embedded prog/imt_sdk_win_64/winarm/armgcc/bin/../lib/gcc/arm-none-eabi/7.2.1/../../../../arm-none-eabi/lib/thumb/v7e-m/fpv4-sp/softfp\libg_nano.a(lib_a-nano-freer.o)
 .debug_frame   0x000023cc       0x90 d:/embedded prog/imt_sdk_win_64/winarm/armgcc/bin/../lib/gcc/arm-none-eabi/7.2.1/../../../../arm-none-eabi/lib/thumb/v7e-m/fpv4-sp/softfp\libg_nano.a(lib_a-nano-svfprintf.o)
 .debug_frame   0x0000245c       0xac d:/embedded prog/imt_sdk_win_64/winarm/armgcc/bin/../lib/gcc/arm-none-eabi/7.2.1/../../../../arm-none-eabi/lib/thumb/v7e-m/fpv4-sp/softfp\libg_nano.a(lib_a-nano-vfprintf.o)
 .debug_frame   0x00002508       0x60 d:/embedded prog/imt_sdk_win_64/winarm/armgcc/bin/../lib/gcc/arm-none-eabi/7.2.1/../../../../arm-none-eabi/lib/thumb/v7e-m/fpv4-sp/softfp\libg_nano.a(lib_a-nano-vfprintf_i.o)
 .debug_frame   0x00002568       0x2c d:/embedded prog/imt_sdk_win_64/winarm/armgcc/bin/../lib/gcc/arm-none-eabi/7.2.1/../../../../arm-none-eabi/lib/thumb/v7e-m/fpv4-sp/softfp\libg_nano.a(lib_a-readr.o)
 .debug_frame   0x00002594       0x2c d:/embedded prog/imt_sdk_win_64/winarm/armgcc/bin/../lib/gcc/arm-none-eabi/7.2.1/../../../../arm-none-eabi/lib/thumb/v7e-m/fpv4-sp/softfp\libg_nano.a(lib_a-fstatr.o)
 .debug_frame   0x000025c0       0x2c d:/embedded prog/imt_sdk_win_64/winarm/armgcc/bin/../lib/gcc/arm-none-eabi/7.2.1/../../../../arm-none-eabi/lib/thumb/v7e-m/fpv4-sp/softfp\libg_nano.a(lib_a-isattyr.o)
 .debug_frame   0x000025ec       0x28 d:/embedded prog/imt_sdk_win_64/winarm/armgcc/bin/../lib/gcc/arm-none-eabi/7.2.1/../../../../arm-none-eabi/lib/thumb/v7e-m/fpv4-sp/softfp\libg_nano.a(lib_a-memmove.o)
 .debug_frame   0x00002614       0x3c d:/embedded prog/imt_sdk_win_64/winarm/armgcc/bin/../lib/gcc/arm-none-eabi/7.2.1/../../../../arm-none-eabi/lib/thumb/v7e-m/fpv4-sp/softfp\libg_nano.a(lib_a-nano-reallocr.o)
 .debug_frame   0x00002650       0x20 d:/embedded prog/imt_sdk_win_64/winarm/armgcc/bin/../lib/gcc/arm-none-eabi/7.2.1/../../../../arm-none-eabi/lib/thumb/v7e-m/fpv4-sp/softfp\libg_nano.a(lib_a-nano-msizer.o)

.debug_str      0x00000000    0xfea93
 *(.debug_str)
 .debug_str     0x00000000    0xeebe8 ./system/src/stm32f4-hal/stm32f4xx_hal.o
                              0xeef85 (size before relaxing)
 .debug_str     0x000eebe8      0x3a2 ./system/src/stm32f4-hal/stm32f4xx_hal_cortex.o
                              0xeed43 (size before relaxing)
 .debug_str     0x000eef8a      0x3f2 ./system/src/stm32f4-hal/stm32f4xx_hal_rcc.o
                              0xee887 (size before relaxing)
 .debug_str     0x000ef37c     0x3b00 ./system/src/newlib/sbrk.o
                               0x72b4 (size before relaxing)
 .debug_str     0x000f2e7c      0x2cb ./system/src/newlib/startup.o
                               0x69fc (size before relaxing)
 .debug_str     0x000f3147     0x35f9 ./system/src/newlib/syscalls.o
                               0xb317 (size before relaxing)
 .debug_str     0x000f6740       0xbd ./system/src/diag/trace-impl.o
                              0xf1de5 (size before relaxing)
 .debug_str     0x000f67fd      0x162 ./system/src/diag/trace.o
                               0x867b (size before relaxing)
 .debug_str     0x000f695f      0x1b1 ./system/src/cortexm/exception-handlers.o
                              0xf3065 (size before relaxing)
 .debug_str     0x000f6b10       0x5d ./system/src/cortexm/initialize-hardware.o
                              0xee3b5 (size before relaxing)
 .debug_str     0x000f6b6d       0x46 ./system/src/cmsis/system_stm32f4xx.o
                              0xee477 (size before relaxing)
 .debug_str     0x000f6bb3       0x59 ./system/src/cmsis/vectors_stm32f407xx.o
                               0x3cc7 (size before relaxing)
 .debug_str     0x000f6c0c       0x30 ./src/initialize-hardware.o
                              0xf1d59 (size before relaxing)
 .debug_str     0x000f6c3c     0x52d2 ./src/main.o
                               0xd236 (size before relaxing)
 .debug_str     0x000fbf0e       0x3d ./src/stm32f4xx_hal_msp.o
                              0xee306 (size before relaxing)
 .debug_str     0x000fbf4b      0x2bf ./FreeRTOS Source/portable/MemMang/heap_4.o
                               0xa615 (size before relaxing)
 .debug_str     0x000fc20a      0x821 ./FreeRTOS Source/portable/GCC/ARM_CM4F/port.o
                               0x7e24 (size before relaxing)
 .debug_str     0x000fca2b      0x125 ./FreeRTOS Source/list.o
                               0x9eca (size before relaxing)
 .debug_str     0x000fcb50      0x859 ./FreeRTOS Source/queue.o
                               0xb63d (size before relaxing)
 .debug_str     0x000fd3a9     0x1321 ./FreeRTOS Source/tasks.o
                               0xc3bc (size before relaxing)
 .debug_str     0x000fe6ca      0x3c9 ./FreeRTOS Source/timers.o
                               0xba1d (size before relaxing)

.debug_loc      0x00000000     0x5e6b
 *(.debug_loc)
 .debug_loc     0x00000000      0x10c ./system/src/stm32f4-hal/stm32f4xx_hal.o
 .debug_loc     0x0000010c      0x772 ./system/src/stm32f4-hal/stm32f4xx_hal_cortex.o
 .debug_loc     0x0000087e      0x417 ./system/src/stm32f4-hal/stm32f4xx_hal_rcc.o
 .debug_loc     0x00000c95       0x85 ./system/src/newlib/sbrk.o
 .debug_loc     0x00000d1a      0x2cb ./system/src/newlib/startup.o
 .debug_loc     0x00000fe5      0xfdd ./system/src/newlib/syscalls.o
 .debug_loc     0x00001fc2      0x121 ./system/src/diag/trace-impl.o
 .debug_loc     0x000020e3       0xf6 ./system/src/diag/trace.o